
Optional file libmchp_peripheral.a not found

Optional file libmchp_peripheral_32MX795F512L.a not found
Archive member included because of file (symbol)

c:/program files (x86)/microchip/xc32/v1.42/bin/bin/../../lib/gcc/pic32mx/4.8.3/../../../../pic32mx/lib\libpic32.a(memcpy.o)
                              build/default/production/_ext/1128951024/queue.o (memcpy)
c:/program files (x86)/microchip/xc32/v1.42/bin/bin/../../lib/gcc/pic32mx/4.8.3/../../../../pic32mx/lib\libpic32.a(memset.o)
                              build/default/production/_ext/1128951024/tasks.o (memset)
c:/program files (x86)/microchip/xc32/v1.42/bin/bin/../../lib/gcc/pic32mx/4.8.3/../../../../pic32mx/lib\libpic32.a(default-bootstrap-exception-handler.o)
                              c:/program files (x86)/microchip/xc32/v1.42/bin/bin/../../lib/gcc/pic32mx/4.8.3/../../../../pic32mx/lib/./proc/32MX795F512L/crt0_mips32r2.o (_bootstrap_exception_handler)
c:/program files (x86)/microchip/xc32/v1.42/bin/bin/../../lib/gcc/pic32mx/4.8.3/../../../../pic32mx/lib\libpic32.a(default-on-reset.o)
                              c:/program files (x86)/microchip/xc32/v1.42/bin/bin/../../lib/gcc/pic32mx/4.8.3/../../../../pic32mx/lib/./proc/32MX795F512L/crt0_mips32r2.o (_on_reset)
c:/program files (x86)/microchip/xc32/v1.42/bin/bin/../../lib/gcc/pic32mx/4.8.3/../../../../pic32mx/lib\libpic32.a(default-on-bootstrap.o)
                              c:/program files (x86)/microchip/xc32/v1.42/bin/bin/../../lib/gcc/pic32mx/4.8.3/../../../../pic32mx/lib/./proc/32MX795F512L/crt0_mips32r2.o (_on_bootstrap)
c:/program files (x86)/microchip/xc32/v1.42/bin/bin/../../lib/gcc/pic32mx/4.8.3/../../../../pic32mx/lib\libpic32.a(default-nmi-handler.o)
                              c:/program files (x86)/microchip/xc32/v1.42/bin/bin/../../lib/gcc/pic32mx/4.8.3/../../../../pic32mx/lib/./proc/32MX795F512L/crt0_mips32r2.o (_nmi_handler)
c:/program files (x86)/microchip/xc32/v1.42/bin/bin/../../lib/gcc/pic32mx/4.8.3/../../../../pic32mx/lib\libpic32.a(general-exception.o)
                              c:/program files (x86)/microchip/xc32/v1.42/bin/bin/../../lib/gcc/pic32mx/4.8.3/../../../../pic32mx/lib/./proc/32MX795F512L/crt0_mips32r2.o (_general_exception_context)
c:/program files (x86)/microchip/xc32/v1.42/bin/bin/../../lib/gcc/pic32mx/4.8.3/../../../../pic32mx/lib\libpic32.a(vector0.o)
                              c:/program files (x86)/microchip/xc32/v1.42/bin/bin/../../lib/gcc/pic32mx/4.8.3/../../../../pic32mx/lib/./proc/32MX795F512L\default_isr_vectors.o (__vector_dispatch_0)
c:/program files (x86)/microchip/xc32/v1.42/bin/bin/../../lib/gcc/pic32mx/4.8.3/../../../../pic32mx/lib\libpic32.a(vector2.o)
                              c:/program files (x86)/microchip/xc32/v1.42/bin/bin/../../lib/gcc/pic32mx/4.8.3/../../../../pic32mx/lib/./proc/32MX795F512L\default_isr_vectors.o (__vector_dispatch_2)
c:/program files (x86)/microchip/xc32/v1.42/bin/bin/../../lib/gcc/pic32mx/4.8.3/../../../../pic32mx/lib\libpic32.a(vector3.o)
                              c:/program files (x86)/microchip/xc32/v1.42/bin/bin/../../lib/gcc/pic32mx/4.8.3/../../../../pic32mx/lib/./proc/32MX795F512L\default_isr_vectors.o (__vector_dispatch_3)
c:/program files (x86)/microchip/xc32/v1.42/bin/bin/../../lib/gcc/pic32mx/4.8.3/../../../../pic32mx/lib\libpic32.a(vector5.o)
                              c:/program files (x86)/microchip/xc32/v1.42/bin/bin/../../lib/gcc/pic32mx/4.8.3/../../../../pic32mx/lib/./proc/32MX795F512L\default_isr_vectors.o (__vector_dispatch_5)
c:/program files (x86)/microchip/xc32/v1.42/bin/bin/../../lib/gcc/pic32mx/4.8.3/../../../../pic32mx/lib\libpic32.a(vector6.o)
                              c:/program files (x86)/microchip/xc32/v1.42/bin/bin/../../lib/gcc/pic32mx/4.8.3/../../../../pic32mx/lib/./proc/32MX795F512L\default_isr_vectors.o (__vector_dispatch_6)
c:/program files (x86)/microchip/xc32/v1.42/bin/bin/../../lib/gcc/pic32mx/4.8.3/../../../../pic32mx/lib\libpic32.a(vector7.o)
                              c:/program files (x86)/microchip/xc32/v1.42/bin/bin/../../lib/gcc/pic32mx/4.8.3/../../../../pic32mx/lib/./proc/32MX795F512L\default_isr_vectors.o (__vector_dispatch_7)
c:/program files (x86)/microchip/xc32/v1.42/bin/bin/../../lib/gcc/pic32mx/4.8.3/../../../../pic32mx/lib\libpic32.a(vector9.o)
                              c:/program files (x86)/microchip/xc32/v1.42/bin/bin/../../lib/gcc/pic32mx/4.8.3/../../../../pic32mx/lib/./proc/32MX795F512L\default_isr_vectors.o (__vector_dispatch_9)
c:/program files (x86)/microchip/xc32/v1.42/bin/bin/../../lib/gcc/pic32mx/4.8.3/../../../../pic32mx/lib\libpic32.a(vector10.o)
                              c:/program files (x86)/microchip/xc32/v1.42/bin/bin/../../lib/gcc/pic32mx/4.8.3/../../../../pic32mx/lib/./proc/32MX795F512L\default_isr_vectors.o (__vector_dispatch_10)
c:/program files (x86)/microchip/xc32/v1.42/bin/bin/../../lib/gcc/pic32mx/4.8.3/../../../../pic32mx/lib\libpic32.a(vector11.o)
[...]
Memory Configuration

Name             Origin             Length             Attributes
kseg0_program_mem 0x9d000000         0x00080000         xr
kseg0_boot_mem   0x9fc00490         0x00000970
exception_mem    0x9fc01000         0x00001000
kseg1_boot_mem   0xbfc00000         0x00000490
debug_exec_mem   0xbfc02000         0x00000ff0
config3          0xbfc02ff0         0x00000004
config2          0xbfc02ff4         0x00000004
config1          0xbfc02ff8         0x00000004
config0          0xbfc02ffc         0x00000004
kseg1_data_mem   0xa0000000         0x00020000         w !x
sfrs             0xbf800000         0x00100000
configsfrs       0xbfc02ff0         0x00000010
*default*        0x00000000         0xffffffff

Linker script and memory map

LOAD c:/program files (x86)/microchip/xc32/v1.42/bin/bin/../../lib/gcc/pic32mx/4.8.3/../../../../pic32mx/lib/./proc/32MX795F512L/crt0_mips32r2.o
LOAD c:/program files (x86)/microchip/xc32/v1.42/bin/bin/../../lib/gcc/pic32mx/4.8.3/../../../../pic32mx/lib\debug-exception-return.o
LOAD build/default/production/_ext/1407244131/drv_tmr_static.o
LOAD build/default/production/_ext/1407244131/drv_tmr_mapping.o
LOAD build/default/production/_ext/327000265/drv_usart_mapping.o
LOAD build/default/production/_ext/327000265/drv_usart_static.o
LOAD build/default/production/_ext/327000265/drv_usart_static_byte_model.o
LOAD build/default/production/_ext/639803181/sys_clk_static.o
LOAD build/default/production/_ext/822048611/sys_ports_static.o
LOAD build/default/production/_ext/1688732426/system_init.o
LOAD build/default/production/_ext/1688732426/system_interrupt.o
LOAD build/default/production/_ext/1688732426/system_exceptions.o
LOAD build/default/production/_ext/1688732426/system_tasks.o
LOAD build/default/production/_ext/1688732426/system_interrupt_a.o
LOAD build/default/production/_ext/1688732426/rtos_hooks.o
LOAD build/default/production/_ext/1360937237/debug.o
LOAD build/default/production/_ext/1360937237/crc.o
LOAD build/default/production/_ext/1360937237/main_task.o
LOAD build/default/production/_ext/1360937237/main.o
LOAD build/default/production/_ext/1360937237/ultrasonic.o
LOAD build/default/production/_ext/1360937237/reflectance.o
LOAD build/default/production/_ext/1360937237/uarttx.o
LOAD build/default/production/_ext/1360937237/uartrx.o
LOAD build/default/production/_ext/280795049/drv_i2c.o
LOAD build/default/production/_ext/24337685/osal_freertos.o
LOAD build/default/production/_ext/1271179505/sys_devcon.o
LOAD build/default/production/_ext/1271179505/sys_devcon_pic32mx.o
LOAD build/default/production/_ext/122796885/sys_int_pic32.o
LOAD build/default/production/_ext/1856876499/heap_1.o
LOAD build/default/production/_ext/12131622/port.o
LOAD build/default/production/_ext/12131622/port_asm.o
LOAD build/default/production/_ext/1128951024/croutine.o
LOAD build/default/production/_ext/1128951024/list.o
LOAD build/default/production/_ext/1128951024/queue.o
LOAD build/default/production/_ext/1128951024/tasks.o
LOAD build/default/production/_ext/1128951024/timers.o
LOAD build/default/production/_ext/1128951024/event_groups.o
LOAD build/default/production/_ext/1360937237/my_timers.o
LOAD ..\..\..\..\bin\framework\peripheral\PIC32MX795F512L_peripherals.a
LOAD ..\..\..\..\framework\tcpip\src\crypto\aes_pic32mx.a
                0x00000001                __MPLAB_BUILD = 0x1
                0x00000000                _min_heap_size = 0x0
LOAD c:/program files (x86)/microchip/xc32/v1.42/bin/bin/../../lib/gcc/pic32mx/4.8.3/../../../../pic32mx/lib/./proc/32MX795F512L\default_isr_vectors.o
LOAD c:/program files (x86)/microchip/xc32/v1.42/bin/bin/../../lib/gcc/pic32mx/4.8.3/../../../../pic32mx/lib\pic32_software_reset.o
                0x00000400                PROVIDE (_min_stack_size, 0x400)
LOAD c:/program files (x86)/microchip/xc32/v1.42/bin/bin/../../lib/gcc/pic32mx/4.8.3/../../../../pic32mx/lib/./proc/32MX795F512L\processor.o
START GROUP
LOAD libmchp_peripheral.a
END GROUP
START GROUP
LOAD libmchp_peripheral_32MX795F512L.a
END GROUP
                0x00000001                PROVIDE (_vector_spacing, 0x1)
                0x9fc01000                PROVIDE (_ebase_address, 0x9fc01000)
                0xbfc00000                _RESET_ADDR = 0xbfc00000
                0xbfc00380                _BEV_EXCPT_ADDR = 0xbfc00380
                0xbfc00480                _DBG_EXCPT_ADDR = 0xbfc00480
                0xbfc02000                _DBG_CODE_ADDR = 0xbfc02000
                0x00000ff0                _DBG_CODE_SIZE = 0xff0
                0x9fc01180                _GEN_EXCPT_ADDR = (_ebase_address + 0x180)

.config_BFC02FF0
                0xbfc02ff0        0x4
 *(.config_BFC02FF0)
 .config_BFC02FF0
                0xbfc02ff0        0x4 build/default/production/_ext/1688732426/system_init.o

.config_BFC02FF4
                0xbfc02ff4        0x4
 *(.config_BFC02FF4)
 .config_BFC02FF4
                0xbfc02ff4        0x4 build/default/production/_ext/1688732426/system_init.o

.config_BFC02FF8
                0xbfc02ff8        0x4
 *(.config_BFC02FF8)
 .config_BFC02FF8
                0xbfc02ff8        0x4 build/default/production/_ext/1688732426/system_init.o

.config_BFC02FFC
                0xbfc02ffc        0x4
 *(.config_BFC02FFC)
 .config_BFC02FFC
                0xbfc02ffc        0x4 build/default/production/_ext/1688732426/system_init.o
                0xbfc02000                PROVIDE (_DBG_CODE_ADDR, 0xbfc02000)
                0x00000ff0                PROVIDE (_DBG_CODE_SIZE, 0xff0)

.reset          0xbfc00000      0x208
 *(.reset)
 .reset         0xbfc00000        0x8 c:/program files (x86)/microchip/xc32/v1.42/bin/bin/../../lib/gcc/pic32mx/4.8.3/../../../../pic32mx/lib/./proc/32MX795F512L/crt0_mips32r2.o
                0xbfc00000                _reset
 *(.reset.startup)
 .reset.startup
                0xbfc00008      0x200 c:/program files (x86)/microchip/xc32/v1.42/bin/bin/../../lib/gcc/pic32mx/4.8.3/../../../../pic32mx/lib/./proc/32MX795F512L/crt0_mips32r2.o

.bev_excpt      0xbfc00380       0x10
 *(.bev_handler)
 .bev_handler   0xbfc00380       0x10 c:/program files (x86)/microchip/xc32/v1.42/bin/bin/../../lib/gcc/pic32mx/4.8.3/../../../../pic32mx/lib/./proc/32MX795F512L/crt0_mips32r2.o

.dbg_excpt      0xbfc00480        0x0
                0xbfc00480                . = (. + DEFINED (_DEBUGGER)?0x8:0x0)

.dbg_code       0xbfc02000        0x0
                0xbfc02000                . = (. + DEFINED (_DEBUGGER)?_DBG_CODE_SIZE:0x0)

.app_excpt      0x9fc01180       0x10
 *(.gen_handler)
 .gen_handler   0x9fc01180       0x10 c:/program files (x86)/microchip/xc32/v1.42/bin/bin/../../lib/gcc/pic32mx/4.8.3/../../../../pic32mx/lib/./proc/32MX795F512L/crt0_mips32r2.o

.vector_0       0x9fc01200        0x8
 *(.vector_0)
 .vector_0      0x9fc01200        0x8 c:/program files (x86)/microchip/xc32/v1.42/bin/bin/../../lib/gcc/pic32mx/4.8.3/../../../../pic32mx/lib\libpic32.a(vector0.o)
                0x9fc01200                __vector_dispatch_0
                0x00000001                ASSERT (((_vector_spacing == 0x0) || (SIZEOF (.vector_0) <= (_vector_spacing << 0x5))), function at exception vector 0 too large)

.vector_1       0x9fc01220        0x8
 *(.vector_1)
 .vector_1      0x9fc01220        0x8 build/default/production/_ext/12131622/port.o
                0x9fc01220                __vector_dispatch_1
                0x00000001                ASSERT (((_vector_spacing == 0x0) || (SIZEOF (.vector_1) <= (_vector_spacing << 0x5))), function at exception vector 1 too large)

.vector_2       0x9fc01240        0x8
 *(.vector_2)
 .vector_2      0x9fc01240        0x8 c:/program files (x86)/microchip/xc32/v1.42/bin/bin/../../lib/gcc/pic32mx/4.8.3/../../../../pic32mx/lib\libpic32.a(vector2.o)
                0x9fc01240                __vector_dispatch_2
                0x00000001                ASSERT (((_vector_spacing == 0x0) || (SIZEOF (.vector_2) <= (_vector_spacing << 0x5))), function at exception vector 2 too large)

.vector_3       0x9fc01260        0x8
 *(.vector_3)
 .vector_3      0x9fc01260        0x8 c:/program files (x86)/microchip/xc32/v1.42/bin/bin/../../lib/gcc/pic32mx/4.8.3/../../../../pic32mx/lib\libpic32.a(vector3.o)
                0x9fc01260                __vector_dispatch_3
                0x00000001                ASSERT (((_vector_spacing == 0x0) || (SIZEOF (.vector_3) <= (_vector_spacing << 0x5))), function at exception vector 3 too large)

.vector_4       0x9fc01280        0x8
 *(.vector_4)
 .vector_4      0x9fc01280        0x8 build/default/production/_ext/12131622/port.o
                0x9fc01280                __vector_dispatch_4
                0x00000001                ASSERT (((_vector_spacing == 0x0) || (SIZEOF (.vector_4) <= (_vector_spacing << 0x5))), function at exception vector 4 too large)

.vector_5       0x9fc012a0        0x8
 *(.vector_5)
 .vector_5      0x9fc012a0        0x8 c:/program files (x86)/microchip/xc32/v1.42/bin/bin/../../lib/gcc/pic32mx/4.8.3/../../../../pic32mx/lib\libpic32.a(vector5.o)
                0x9fc012a0                __vector_dispatch_5
                0x00000001                ASSERT (((_vector_spacing == 0x0) || (SIZEOF (.vector_5) <= (_vector_spacing << 0x5))), function at exception vector 5 too large)

.vector_6       0x9fc012c0        0x8
 *(.vector_6)
 .vector_6      0x9fc012c0        0x8 c:/program files (x86)/microchip/xc32/v1.42/bin/bin/../../lib/gcc/pic32mx/4.8.3/../../../../pic32mx/lib\libpic32.a(vector6.o)
                0x9fc012c0                __vector_dispatch_6
                0x00000001                ASSERT (((_vector_spacing == 0x0) || (SIZEOF (.vector_6) <= (_vector_spacing << 0x5))), function at exception vector 6 too large)

.vector_7       0x9fc012e0        0x8
 *(.vector_7)
 .vector_7      0x9fc012e0        0x8 c:/program files (x86)/microchip/xc32/v1.42/bin/bin/../../lib/gcc/pic32mx/4.8.3/../../../../pic32mx/lib\libpic32.a(vector7.o)
                0x9fc012e0                __vector_dispatch_7
                0x00000001                ASSERT (((_vector_spacing == 0x0) || (SIZEOF (.vector_7) <= (_vector_spacing << 0x5))), function at exception vector 7 too large)

.vector_8       0x9fc01300       0x10
 *(.vector_8)
 .vector_8      0x9fc01300       0x10 build/default/production/_ext/1688732426/system_interrupt_a.o
                0x9fc01300                __vector_dispatch_8
                0x00000001                ASSERT (((_vector_spacing == 0x0) || (SIZEOF (.vector_8) <= (_vector_spacing << 0x5))), function at exception vector 8 too large)

.vector_9       0x9fc01320        0x8
 *(.vector_9)
 .vector_9      0x9fc01320        0x8 c:/program files (x86)/microchip/xc32/v1.42/bin/bin/../../lib/gcc/pic32mx/4.8.3/../../../../pic32mx/lib\libpic32.a(vector9.o)
                0x9fc01320                __vector_dispatch_9
                0x00000001                ASSERT (((_vector_spacing == 0x0) || (SIZEOF (.vector_9) <= (_vector_spacing << 0x5))), function at exception vector 9 too large)

.vector_10      0x9fc01340        0x8
 *(.vector_10)
 .vector_10     0x9fc01340        0x8 c:/program files (x86)/microchip/xc32/v1.42/bin/bin/../../lib/gcc/pic32mx/4.8.3/../../../../pic32mx/lib\libpic32.a(vector10.o)
                0x9fc01340                __vector_dispatch_10
                0x00000001                ASSERT (((_vector_spacing == 0x0) || (SIZEOF (.vector_10) <= (_vector_spacing << 0x5))), function at exception vector 10 too large)

.vector_11      0x9fc01360        0x8
 *(.vector_11)
 .vector_11     0x9fc01360        0x8 c:/program files (x86)/microchip/xc32/v1.42/bin/bin/../../lib/gcc/pic32mx/4.8.3/../../../../pic32mx/lib\libpic32.a(vector11.o)
                0x9fc01360                __vector_dispatch_11
                0x00000001                ASSERT (((_vector_spacing == 0x0) || (SIZEOF (.vector_11) <= (_vector_spacing << 0x5))), function at exception vector 11 too large)

.vector_12      0x9fc01380       0x10
 *(.vector_12)
 .vector_12     0x9fc01380       0x10 build/default/production/_ext/1688732426/system_interrupt_a.o
                0x9fc01380                __vector_dispatch_12
                0x00000001                ASSERT (((_vector_spacing == 0x0) || (SIZEOF (.vector_12) <= (_vector_spacing << 0x5))), function at exception vector 12 too large)

.vector_13      0x9fc013a0        0x8
 *(.vector_13)
 .vector_13     0x9fc013a0        0x8 c:/program files (x86)/microchip/xc32/v1.42/bin/bin/../../lib/gcc/pic32mx/4.8.3/../../../../pic32mx/lib\libpic32.a(vector13.o)
                0x9fc013a0                __vector_dispatch_13
                0x00000001                ASSERT (((_vector_spacing == 0x0) || (SIZEOF (.vector_13) <= (_vector_spacing << 0x5))), function at exception vector 13 too large)

.vector_14      0x9fc013c0        0x8
 *(.vector_14)
 .vector_14     0x9fc013c0        0x8 c:/program files (x86)/microchip/xc32/v1.42/bin/bin/../../lib/gcc/pic32mx/4.8.3/../../../../pic32mx/lib\libpic32.a(vector14.o)
                0x9fc013c0                __vector_dispatch_14
                0x00000001                ASSERT (((_vector_spacing == 0x0) || (SIZEOF (.vector_14) <= (_vector_spacing << 0x5))), function at exception vector 14 too large)

.vector_15      0x9fc013e0        0x8
 *(.vector_15)
 .vector_15     0x9fc013e0        0x8 c:/program files (x86)/microchip/xc32/v1.42/bin/bin/../../lib/gcc/pic32mx/4.8.3/../../../../pic32mx/lib\libpic32.a(vector15.o)
                0x9fc013e0                __vector_dispatch_15
                0x00000001                ASSERT (((_vector_spacing == 0x0) || (SIZEOF (.vector_15) <= (_vector_spacing << 0x5))), function at exception vector 15 too large)

.vector_16      0x9fc01400       0x10
 *(.vector_16)
 .vector_16     0x9fc01400       0x10 build/default/production/_ext/1688732426/system_interrupt_a.o
                0x9fc01400                __vector_dispatch_16
                0x00000001                ASSERT (((_vector_spacing == 0x0) || (SIZEOF (.vector_16) <= (_vector_spacing << 0x5))), function at exception vector 16 too large)

.vector_17      0x9fc01420        0x8
 *(.vector_17)
 .vector_17     0x9fc01420        0x8 c:/program files (x86)/microchip/xc32/v1.42/bin/bin/../../lib/gcc/pic32mx/4.8.3/../../../../pic32mx/lib\libpic32.a(vector17.o)
                0x9fc01420                __vector_dispatch_17
                0x00000001                ASSERT (((_vector_spacing == 0x0) || (SIZEOF (.vector_17) <= (_vector_spacing << 0x5))), function at exception vector 17 too large)

.vector_18      0x9fc01440        0x8
 *(.vector_18)
 .vector_18     0x9fc01440        0x8 c:/program files (x86)/microchip/xc32/v1.42/bin/bin/../../lib/gcc/pic32mx/4.8.3/../../../../pic32mx/lib\libpic32.a(vector18.o)
                0x9fc01440                __vector_dispatch_18
                0x00000001                ASSERT (((_vector_spacing == 0x0) || (SIZEOF (.vector_18) <= (_vector_spacing << 0x5))), function at exception vector 18 too large)

.vector_19      0x9fc01460        0x8
 *(.vector_19)
 .vector_19     0x9fc01460        0x8 c:/program files (x86)/microchip/xc32/v1.42/bin/bin/../../lib/gcc/pic32mx/4.8.3/../../../../pic32mx/lib\libpic32.a(vector19.o)
                0x9fc01460                __vector_dispatch_19
                0x00000001                ASSERT (((_vector_spacing == 0x0) || (SIZEOF (.vector_19) <= (_vector_spacing << 0x5))), function at exception vector 19 too large)

.vector_20      0x9fc01480       0x10
 *(.vector_20)
 .vector_20     0x9fc01480       0x10 build/default/production/_ext/1688732426/system_interrupt_a.o
                0x9fc01480                __vector_dispatch_20
                0x00000001                ASSERT (((_vector_spacing == 0x0) || (SIZEOF (.vector_20) <= (_vector_spacing << 0x5))), function at exception vector 20 too large)

.vector_21      0x9fc014a0        0x8
 *(.vector_21)
 .vector_21     0x9fc014a0        0x8 c:/program files (x86)/microchip/xc32/v1.42/bin/bin/../../lib/gcc/pic32mx/4.8.3/../../../../pic32mx/lib\libpic32.a(vector21.o)
                0x9fc014a0                __vector_dispatch_21
                0x00000001                ASSERT (((_vector_spacing == 0x0) || (SIZEOF (.vector_21) <= (_vector_spacing << 0x5))), function at exception vector 21 too large)

.vector_22      0x9fc014c0        0x8
 *(.vector_22)
 .vector_22     0x9fc014c0        0x8 c:/program files (x86)/microchip/xc32/v1.42/bin/bin/../../lib/gcc/pic32mx/4.8.3/../../../../pic32mx/lib\libpic32.a(vector22.o)
                0x9fc014c0                __vector_dispatch_22
                0x00000001                ASSERT (((_vector_spacing == 0x0) || (SIZEOF (.vector_22) <= (_vector_spacing << 0x5))), function at exception vector 22 too large)

.vector_23      0x9fc014e0        0x8
 *(.vector_23)
 .vector_23     0x9fc014e0        0x8 c:/program files (x86)/microchip/xc32/v1.42/bin/bin/../../lib/gcc/pic32mx/4.8.3/../../../../pic32mx/lib\libpic32.a(vector23.o)
                0x9fc014e0                __vector_dispatch_23
                0x00000001                ASSERT (((_vector_spacing == 0x0) || (SIZEOF (.vector_23) <= (_vector_spacing << 0x5))), function at exception vector 23 too large)

.vector_24      0x9fc01500       0x10
 *(.vector_24)
 .vector_24     0x9fc01500       0x10 build/default/production/_ext/1688732426/system_interrupt_a.o
                0x9fc01500                __vector_dispatch_24
                0x00000001                ASSERT (((_vector_spacing == 0x0) || (SIZEOF (.vector_24) <= (_vector_spacing << 0x5))), function at exception vector 24 too large)

.vector_25      0x9fc01520       0x10
 *(.vector_25)
 .vector_25     0x9fc01520       0x10 build/default/production/_ext/1688732426/system_interrupt_a.o
                0x9fc01520                __vector_dispatch_25
                0x00000001                ASSERT (((_vector_spacing == 0x0) || (SIZEOF (.vector_25) <= (_vector_spacing << 0x5))), function at exception vector 25 too large)

.vector_26      0x9fc01540        0x8
 *(.vector_26)
 .vector_26     0x9fc01540        0x8 c:/program files (x86)/microchip/xc32/v1.42/bin/bin/../../lib/gcc/pic32mx/4.8.3/../../../../pic32mx/lib\libpic32.a(vector26.o)
                0x9fc01540                __vector_dispatch_26
                0x00000001                ASSERT (((_vector_spacing == 0x0) || (SIZEOF (.vector_26) <= (_vector_spacing << 0x5))), function at exception vector 26 too large)

.vector_27      0x9fc01560        0x8
 *(.vector_27)
 .vector_27     0x9fc01560        0x8 c:/program files (x86)/microchip/xc32/v1.42/bin/bin/../../lib/gcc/pic32mx/4.8.3/../../../../pic32mx/lib\libpic32.a(vector27.o)
                0x9fc01560                __vector_dispatch_27
                0x00000001                ASSERT (((_vector_spacing == 0x0) || (SIZEOF (.vector_27) <= (_vector_spacing << 0x5))), function at exception vector 27 too large)

.vector_28      0x9fc01580        0x8
 *(.vector_28)
 .vector_28     0x9fc01580        0x8 c:/program files (x86)/microchip/xc32/v1.42/bin/bin/../../lib/gcc/pic32mx/4.8.3/../../../../pic32mx/lib\libpic32.a(vector28.o)
                0x9fc01580                __vector_dispatch_28
                0x00000001                ASSERT (((_vector_spacing == 0x0) || (SIZEOF (.vector_28) <= (_vector_spacing << 0x5))), function at exception vector 28 too large)

.vector_29      0x9fc015a0        0x8
 *(.vector_29)
 .vector_29     0x9fc015a0        0x8 c:/program files (x86)/microchip/xc32/v1.42/bin/bin/../../lib/gcc/pic32mx/4.8.3/../../../../pic32mx/lib\libpic32.a(vector29.o)
                0x9fc015a0                __vector_dispatch_29
                0x00000001                ASSERT (((_vector_spacing == 0x0) || (SIZEOF (.vector_29) <= (_vector_spacing << 0x5))), function at exception vector 29 too large)

.vector_30      0x9fc015c0        0x8
 *(.vector_30)
 .vector_30     0x9fc015c0        0x8 c:/program files (x86)/microchip/xc32/v1.42/bin/bin/../../lib/gcc/pic32mx/4.8.3/../../../../pic32mx/lib\libpic32.a(vector30.o)
                0x9fc015c0                __vector_dispatch_30
                0x00000001                ASSERT (((_vector_spacing == 0x0) || (SIZEOF (.vector_30) <= (_vector_spacing << 0x5))), function at exception vector 30 too large)

.vector_31      0x9fc015e0        0x8
 *(.vector_31)
 .vector_31     0x9fc015e0        0x8 c:/program files (x86)/microchip/xc32/v1.42/bin/bin/../../lib/gcc/pic32mx/4.8.3/../../../../pic32mx/lib\libpic32.a(vector31.o)
                0x9fc015e0                __vector_dispatch_31
                0x00000001                ASSERT (((_vector_spacing == 0x0) || (SIZEOF (.vector_31) <= (_vector_spacing << 0x5))), function at exception vector 31 too large)

.vector_32      0x9fc01600        0x8
 *(.vector_32)
 .vector_32     0x9fc01600        0x8 c:/program files (x86)/microchip/xc32/v1.42/bin/bin/../../lib/gcc/pic32mx/4.8.3/../../../../pic32mx/lib\libpic32.a(vector32.o)
                0x9fc01600                __vector_dispatch_32
                0x00000001                ASSERT (((_vector_spacing == 0x0) || (SIZEOF (.vector_32) <= (_vector_spacing << 0x5))), function at exception vector 32 too large)

.vector_33      0x9fc01620        0x8
 *(.vector_33)
 .vector_33     0x9fc01620        0x8 c:/program files (x86)/microchip/xc32/v1.42/bin/bin/../../lib/gcc/pic32mx/4.8.3/../../../../pic32mx/lib\libpic32.a(vector33.o)
                0x9fc01620                __vector_dispatch_33
                0x00000001                ASSERT (((_vector_spacing == 0x0) || (SIZEOF (.vector_33) <= (_vector_spacing << 0x5))), function at exception vector 33 too large)

.vector_34      0x9fc01640        0x8
 *(.vector_34)
 .vector_34     0x9fc01640        0x8 c:/program files (x86)/microchip/xc32/v1.42/bin/bin/../../lib/gcc/pic32mx/4.8.3/../../../../pic32mx/lib\libpic32.a(vector34.o)
                0x9fc01640                __vector_dispatch_34
                0x00000001                ASSERT (((_vector_spacing == 0x0) || (SIZEOF (.vector_34) <= (_vector_spacing << 0x5))), function at exception vector 34 too large)

.vector_35      0x9fc01660        0x8
 *(.vector_35)
 .vector_35     0x9fc01660        0x8 c:/program files (x86)/microchip/xc32/v1.42/bin/bin/../../lib/gcc/pic32mx/4.8.3/../../../../pic32mx/lib\libpic32.a(vector35.o)
                0x9fc01660                __vector_dispatch_35
                0x00000001                ASSERT (((_vector_spacing == 0x0) || (SIZEOF (.vector_35) <= (_vector_spacing << 0x5))), function at exception vector 35 too large)

.vector_36      0x9fc01680        0x8
 *(.vector_36)
 .vector_36     0x9fc01680        0x8 c:/program files (x86)/microchip/xc32/v1.42/bin/bin/../../lib/gcc/pic32mx/4.8.3/../../../../pic32mx/lib\libpic32.a(vector36.o)
                0x9fc01680                __vector_dispatch_36
                0x00000001                ASSERT (((_vector_spacing == 0x0) || (SIZEOF (.vector_36) <= (_vector_spacing << 0x5))), function at exception vector 36 too large)

.vector_37      0x9fc016a0        0x8
 *(.vector_37)
 .vector_37     0x9fc016a0        0x8 c:/program files (x86)/microchip/xc32/v1.42/bin/bin/../../lib/gcc/pic32mx/4.8.3/../../../../pic32mx/lib\libpic32.a(vector37.o)
                0x9fc016a0                __vector_dispatch_37
                0x00000001                ASSERT (((_vector_spacing == 0x0) || (SIZEOF (.vector_37) <= (_vector_spacing << 0x5))), function at exception vector 37 too large)

.vector_38      0x9fc016c0        0x8
 *(.vector_38)
 .vector_38     0x9fc016c0        0x8 c:/program files (x86)/microchip/xc32/v1.42/bin/bin/../../lib/gcc/pic32mx/4.8.3/../../../../pic32mx/lib\libpic32.a(vector38.o)
                0x9fc016c0                __vector_dispatch_38
                0x00000001                ASSERT (((_vector_spacing == 0x0) || (SIZEOF (.vector_38) <= (_vector_spacing << 0x5))), function at exception vector 38 too large)

.vector_39      0x9fc016e0        0x8
 *(.vector_39)
 .vector_39     0x9fc016e0        0x8 c:/program files (x86)/microchip/xc32/v1.42/bin/bin/../../lib/gcc/pic32mx/4.8.3/../../../../pic32mx/lib\libpic32.a(vector39.o)
                0x9fc016e0                __vector_dispatch_39
                0x00000001                ASSERT (((_vector_spacing == 0x0) || (SIZEOF (.vector_39) <= (_vector_spacing << 0x5))), function at exception vector 39 too large)

.vector_40      0x9fc01700        0x8
 *(.vector_40)
 .vector_40     0x9fc01700        0x8 c:/program files (x86)/microchip/xc32/v1.42/bin/bin/../../lib/gcc/pic32mx/4.8.3/../../../../pic32mx/lib\libpic32.a(vector40.o)
                0x9fc01700                __vector_dispatch_40
                0x00000001                ASSERT (((_vector_spacing == 0x0) || (SIZEOF (.vector_40) <= (_vector_spacing << 0x5))), function at exception vector 40 too large)

.vector_41      0x9fc01720        0x8
 *(.vector_41)
 .vector_41     0x9fc01720        0x8 c:/program files (x86)/microchip/xc32/v1.42/bin/bin/../../lib/gcc/pic32mx/4.8.3/../../../../pic32mx/lib\libpic32.a(vector41.o)
                0x9fc01720                __vector_dispatch_41
                0x00000001                ASSERT (((_vector_spacing == 0x0) || (SIZEOF (.vector_41) <= (_vector_spacing << 0x5))), function at exception vector 41 too large)

.vector_42      0x9fc01740        0x8
 *(.vector_42)
 .vector_42     0x9fc01740        0x8 c:/program files (x86)/microchip/xc32/v1.42/bin/bin/../../lib/gcc/pic32mx/4.8.3/../../../../pic32mx/lib\libpic32.a(vector42.o)
                0x9fc01740                __vector_dispatch_42
                0x00000001                ASSERT (((_vector_spacing == 0x0) || (SIZEOF (.vector_42) <= (_vector_spacing << 0x5))), function at exception vector 42 too large)

.vector_43      0x9fc01760        0x8
 *(.vector_43)
 .vector_43     0x9fc01760        0x8 c:/program files (x86)/microchip/xc32/v1.42/bin/bin/../../lib/gcc/pic32mx/4.8.3/../../../../pic32mx/lib\libpic32.a(vector43.o)
                0x9fc01760                __vector_dispatch_43
                0x00000001                ASSERT (((_vector_spacing == 0x0) || (SIZEOF (.vector_43) <= (_vector_spacing << 0x5))), function at exception vector 43 too large)

.vector_44      0x9fc01780        0x8
 *(.vector_44)
 .vector_44     0x9fc01780        0x8 c:/program files (x86)/microchip/xc32/v1.42/bin/bin/../../lib/gcc/pic32mx/4.8.3/../../../../pic32mx/lib\libpic32.a(vector44.o)
                0x9fc01780                __vector_dispatch_44
                0x00000001                ASSERT (((_vector_spacing == 0x0) || (SIZEOF (.vector_44) <= (_vector_spacing << 0x5))), function at exception vector 44 too large)

.vector_45      0x9fc017a0        0x8
 *(.vector_45)
 .vector_45     0x9fc017a0        0x8 c:/program files (x86)/microchip/xc32/v1.42/bin/bin/../../lib/gcc/pic32mx/4.8.3/../../../../pic32mx/lib\libpic32.a(vector45.o)
                0x9fc017a0                __vector_dispatch_45
                0x00000001                ASSERT (((_vector_spacing == 0x0) || (SIZEOF (.vector_45) <= (_vector_spacing << 0x5))), function at exception vector 45 too large)

.vector_46      0x9fc017c0        0x8
 *(.vector_46)
 .vector_46     0x9fc017c0        0x8 c:/program files (x86)/microchip/xc32/v1.42/bin/bin/../../lib/gcc/pic32mx/4.8.3/../../../../pic32mx/lib\libpic32.a(vector46.o)
                0x9fc017c0                __vector_dispatch_46
                0x00000001                ASSERT (((_vector_spacing == 0x0) || (SIZEOF (.vector_46) <= (_vector_spacing << 0x5))), function at exception vector 46 too large)

.vector_47      0x9fc017e0        0x8
 *(.vector_47)
 .vector_47     0x9fc017e0        0x8 c:/program files (x86)/microchip/xc32/v1.42/bin/bin/../../lib/gcc/pic32mx/4.8.3/../../../../pic32mx/lib\libpic32.a(vector47.o)
                0x9fc017e0                __vector_dispatch_47
                0x00000001                ASSERT (((_vector_spacing == 0x0) || (SIZEOF (.vector_47) <= (_vector_spacing << 0x5))), function at exception vector 47 too large)

.vector_48      0x9fc01800        0x8
 *(.vector_48)
 .vector_48     0x9fc01800        0x8 c:/program files (x86)/microchip/xc32/v1.42/bin/bin/../../lib/gcc/pic32mx/4.8.3/../../../../pic32mx/lib\libpic32.a(vector48.o)
                0x9fc01800                __vector_dispatch_48
                0x00000001                ASSERT (((_vector_spacing == 0x0) || (SIZEOF (.vector_48) <= (_vector_spacing << 0x5))), function at exception vector 48 too large)

.vector_49      0x9fc01820        0x8
 *(.vector_49)
 .vector_49     0x9fc01820        0x8 c:/program files (x86)/microchip/xc32/v1.42/bin/bin/../../lib/gcc/pic32mx/4.8.3/../../../../pic32mx/lib\libpic32.a(vector49.o)
                0x9fc01820                __vector_dispatch_49
                0x00000001                ASSERT (((_vector_spacing == 0x0) || (SIZEOF (.vector_49) <= (_vector_spacing << 0x5))), function at exception vector 49 too large)

.vector_50      0x9fc01840        0x8
 *(.vector_50)
 .vector_50     0x9fc01840        0x8 c:/program files (x86)/microchip/xc32/v1.42/bin/bin/../../lib/gcc/pic32mx/4.8.3/../../../../pic32mx/lib\libpic32.a(vector50.o)
                0x9fc01840                __vector_dispatch_50
                0x00000001                ASSERT (((_vector_spacing == 0x0) || (SIZEOF (.vector_50) <= (_vector_spacing << 0x5))), function at exception vector 50 too large)

.vector_51      0x9fc01860        0x8
 *(.vector_51)
 .vector_51     0x9fc01860        0x8 c:/program files (x86)/microchip/xc32/v1.42/bin/bin/../../lib/gcc/pic32mx/4.8.3/../../../../pic32mx/lib\libpic32.a(vector51.o)
                0x9fc01860                __vector_dispatch_51
                0x00000001                ASSERT (((_vector_spacing == 0x0) || (SIZEOF (.vector_51) <= (_vector_spacing << 0x5))), function at exception vector 51 too large)

.vector_52      0x9fc01880        0x0
 *(.vector_52)
                0x00000001                ASSERT (((_vector_spacing == 0x0) || (SIZEOF (.vector_52) <= (_vector_spacing << 0x5))), function at exception vector 52 too large)

.vector_53      0x9fc018a0        0x0
 *(.vector_53)
                0x00000001                ASSERT (((_vector_spacing == 0x0) || (SIZEOF (.vector_53) <= (_vector_spacing << 0x5))), function at exception vector 53 too large)

.vector_54      0x9fc018c0        0x0
 *(.vector_54)
                0x00000001                ASSERT (((_vector_spacing == 0x0) || (SIZEOF (.vector_54) <= (_vector_spacing << 0x5))), function at exception vector 54 too large)

.vector_55      0x9fc018e0        0x0
 *(.vector_55)
                0x00000001                ASSERT (((_vector_spacing == 0x0) || (SIZEOF (.vector_55) <= (_vector_spacing << 0x5))), function at exception vector 55 too large)

.vector_56      0x9fc01900        0x0
 *(.vector_56)
                0x00000001                ASSERT (((_vector_spacing == 0x0) || (SIZEOF (.vector_56) <= (_vector_spacing << 0x5))), function at exception vector 56 too large)

.vector_57      0x9fc01920        0x0
 *(.vector_57)
                0x00000001                ASSERT (((_vector_spacing == 0x0) || (SIZEOF (.vector_57) <= (_vector_spacing << 0x5))), function at exception vector 57 too large)

.vector_58      0x9fc01940        0x0
 *(.vector_58)
                0x00000001                ASSERT (((_vector_spacing == 0x0) || (SIZEOF (.vector_58) <= (_vector_spacing << 0x5))), function at exception vector 58 too large)

.vector_59      0x9fc01960        0x0
 *(.vector_59)
                0x00000001                ASSERT (((_vector_spacing == 0x0) || (SIZEOF (.vector_59) <= (_vector_spacing << 0x5))), function at exception vector 59 too large)

.vector_60      0x9fc01980        0x0
 *(.vector_60)
                0x00000001                ASSERT (((_vector_spacing == 0x0) || (SIZEOF (.vector_60) <= (_vector_spacing << 0x5))), function at exception vector 60 too large)

.vector_61      0x9fc019a0        0x0
 *(.vector_61)
                0x00000001                ASSERT (((_vector_spacing == 0x0) || (SIZEOF (.vector_61) <= (_vector_spacing << 0x5))), function at exception vector 61 too large)

.vector_62      0x9fc019c0        0x0
 *(.vector_62)
                0x00000001                ASSERT (((_vector_spacing == 0x0) || (SIZEOF (.vector_62) <= (_vector_spacing << 0x5))), function at exception vector 62 too large)

.vector_63      0x9fc019e0        0x0
 *(.vector_63)
                0x00000001                ASSERT (((_vector_spacing == 0x0) || (SIZEOF (.vector_63) <= (_vector_spacing << 0x5))), function at exception vector 63 too large)

.startup
 *(.startup)

.text           0x9d000000        0x0
 *(.stub .gnu.linkonce.t.*)
 *(.text.*personality*)
 *(.mips16.fn.*)
 *(.mips16.call.*)
 *(.gnu.warning)
                0x9d000000                . = ALIGN (0x4)

.init           0x9d000000        0x0
 *crti.o(.init)
 *crtbegin.o(.init)
 *(EXCLUDE_FILE(*crtn.o *crtend?.o *crtend.o) .init)
 *crtend.o(.init)
 *crtn.o(.init)
                0x9d000000                . = ALIGN (0x4)

.fini           0x9d000000        0x0
 *(.fini)
                0x9d000000                . = ALIGN (0x4)

.preinit_array  0x9d000000        0x0
                0x9d000000                PROVIDE (__preinit_array_start, .)
 *(.preinit_array)
                0x9d000000                PROVIDE (__preinit_array_end, .)
                0x9d000000                . = ALIGN (0x4)

.init_array     0x9d000000        0x0
                0x9d000000                PROVIDE (__init_array_start, .)
 *(SORT(.init_array.*))
 *(.init_array)
                0x9d000000                PROVIDE (__init_array_end, .)
                0x9d000000                . = ALIGN (0x4)

.fini_array     0x9d000000        0x0
                0x9d000000                PROVIDE (__fini_array_start, .)
 *(SORT(.fini_array.*))
 *(.fini_array)
                0x9d000000                PROVIDE (__fini_array_end, .)
                0x9d000000                . = ALIGN (0x4)

.ctors          0x9d000000        0x0
 *crtbegin.o(.ctors)
 *crtbegin?.o(.ctors)
 *(EXCLUDE_FILE(*crtend?.o *crtend.o) .ctors)
 *(SORT(.ctors.*))
 *(.ctors)
                0x9d000000                . = ALIGN (0x4)

.dtors          0x9d000000        0x0
 *crtbegin.o(.dtors)
 *crtbegin?.o(.dtors)
 *(EXCLUDE_FILE(*crtend?.o *crtend.o) .dtors)
 *(SORT(.dtors.*))
 *(.dtors)
                0x9d000000                . = ALIGN (0x4)

.rodata         0x9d000000        0x0
 *(.gnu.linkonce.r.*)
 *(.rodata1)
                0x9d000000                . = ALIGN (0x4)

.sdata2         0x9fc00490        0x0
 *(.sdata2 .sdata2.* .gnu.linkonce.s2.*)
                0x9fc00490                . = ALIGN (0x4)

.sbss2          0x9fc00490        0x0
 *(.sbss2 .sbss2.* .gnu.linkonce.sb2.*)
                0x9fc00490                . = ALIGN (0x4)

.eh_frame_hdr
 *(.eh_frame_hdr)
                0x9fc00490                . = ALIGN (0x4)

.eh_frame
 *(.eh_frame)
                0x9fc00490                . = ALIGN (0x4)

.gcc_except_table
 *(.gcc_except_table .gcc_except_table.*)
                0x9fc00490                . = ALIGN (0x4)

.dbg_data       0xa0000000        0x0
                0xa0000000                . = (. + DEFINED (_DEBUGGER)?0x200:0x0)

.jcr            0xa0000000        0x0
 *(.jcr)
                0xa0000000                . = ALIGN (0x4)

.eh_frame
 *(.eh_frame)
                0xa0000000                . = ALIGN (0x4)

.gcc_except_table
 *(.gcc_except_table .gcc_except_table.*)
                0xa0000000                . = ALIGN (0x4)

.persist        0xa0000000        0x0
                0xa0000000                _persist_begin = .
 *(.persist .persist.*)
 *(.pbss .pbss.*)
                0xa0000000                . = ALIGN (0x4)
                0xa0000000                _persist_end = .

.data           0xa0000000        0x0
 *(.gnu.linkonce.d.*)
 *(.data1)
                0xa0000000                . = ALIGN (0x4)
                0xa0000000                . = .
                0xa0007ff0                _gp = (ALIGN (0x10) + 0x7ff0)

.got            0xa0000000        0x0
 *(.got.plt)
 *(.got)
                0xa0000000                . = ALIGN (0x4)

.sdata          0xa0000000        0x8
                0xa0000000                _sdata_begin = .
 *(.sdata .sdata.* .gnu.linkonce.s.*)
 .sdata         0xa0000000        0x4 build/default/production/_ext/12131622/port.o
                0xa0000000                uxInterruptNesting
 .sdata         0xa0000004        0x4 c:/program files (x86)/microchip/xc32/v1.42/bin/bin/../../lib/gcc/pic32mx/4.8.3/../../../../pic32mx/lib\libpic32.a(xc32_uart.o)
                0xa0000004                __XC_UART
                0xa0000008                . = ALIGN (0x4)
                0xa0000008                _sdata_end = .

.lit8
 *(.lit8)

.lit4
 *(.lit4)
                0xa0000008                . = ALIGN (0x4)
                0xa0000008                _data_end = .
                0xa0000008                _bss_begin = .

.sbss           0xa0000008       0xa8
                0xa0000008                _sbss_begin = .
 *(.dynsbss)
 *(.sbss .sbss.* .gnu.linkonce.sb.*)
 .sbss          0xa0000008        0x4 build/default/production/_ext/1407244131/drv_tmr_static.o
 .sbss          0xa000000c        0xc build/default/production/_ext/1688732426/system_exceptions.o
 .sbss          0xa0000018        0x4 build/default/production/_ext/280795049/drv_i2c.o
 .sbss          0xa000001c        0x8 build/default/production/_ext/1856876499/heap_1.o
 .sbss          0xa0000024        0x4 build/default/production/_ext/12131622/port.o
                0xa0000024                uxSavedTaskStackPointer
 .sbss          0xa0000028       0x38 build/default/production/_ext/1128951024/tasks.o
                0xa000005c                pxCurrentTCB
 .sbss          0xa0000060       0x10 build/default/production/_ext/1128951024/timers.o
 *(.scommon)
 .scommon       0xa0000070       0x31 build/default/production/_ext/327000265/drv_usart_mapping.o
                0xa0000070                start_senddata
                0xa0000071                reflectance_finished
                0xa0000072                start_LED_OFF
                0xa0000074                MessageQueueWout
                0xa0000078                start
                0xa0000079                start_ultrasonic
                0xa000007c                timer_LED_ON
                0xa0000080                ultrasonic_finished
                0xa0000081                start_LED_ON
                0xa0000084                MessageQueueWin
                0xa0000088                timer_LED_INPUT
                0xa000008c                start_LED_INPUT
                0xa0000090                packet_tx_data
                0xa0000098                receiveState
                0xa000009c                timer_LED_OFF
                0xa00000a0                wait_on_ack
 *fill*         0xa00000a1        0x3 
 .scommon       0xa00000a4        0x4 build/default/production/_ext/327000265/drv_usart_static.o
                0xa00000a4                gDrvUSART0Obj
 .scommon       0xa00000a8        0x0 build/default/production/_ext/327000265/drv_usart_static_byte_model.o
 .scommon       0xa00000a8        0x0 build/default/production/_ext/639803181/sys_clk_static.o
 .scommon       0xa00000a8        0x0 build/default/production/_ext/1688732426/system_init.o
 .scommon       0xa00000a8        0x0 build/default/production/_ext/1688732426/system_interrupt.o
 .scommon       0xa00000a8        0x0 build/default/production/_ext/1688732426/system_exceptions.o
 .scommon       0xa00000a8        0x0 build/default/production/_ext/1688732426/system_tasks.o
 .scommon       0xa00000a8        0x0 build/default/production/_ext/1360937237/debug.o
 .scommon       0xa00000a8        0x0 build/default/production/_ext/1360937237/main_task.o
 .scommon       0xa00000a8        0x0 build/default/production/_ext/1360937237/ultrasonic.o
 .scommon       0xa00000a8        0x0 build/default/production/_ext/1360937237/reflectance.o
 .scommon       0xa00000a8        0x0 build/default/production/_ext/1360937237/uarttx.o
 .scommon       0xa00000a8        0x0 build/default/production/_ext/1360937237/uartrx.o
 .scommon       0xa00000a8        0x8 build/default/production/_ext/1271179505/sys_devcon.o
                0xa00000a8                sysDevconObj
 .scommon       0xa00000b0        0x0 build/default/production/_ext/1360937237/my_timers.o
                0xa00000b0                _sbss_end = .
                0xa00000b0                . = ALIGN (0x4)

.bss            0xa00000b0       0x80
 *(.dynbss)
 *(COMMON)
 COMMON         0xa00000b0       0x1c build/default/production/_ext/1688732426/system_init.o
                0xa00000b0                sysObj
 COMMON         0xa00000cc       0x14 build/default/production/_ext/1360937237/main_task.o
                0xa00000cc                main_taskData
 COMMON         0xa00000e0       0x10 build/default/production/_ext/1360937237/ultrasonic.o
                0xa00000e0                ultrasonicData
 COMMON         0xa00000f0        0xc build/default/production/_ext/1360937237/reflectance.o
                0xa00000f0                reflectanceData
 COMMON         0xa00000fc       0x14 build/default/production/_ext/1360937237/uarttx.o
                0xa00000fc                uarttxData
 COMMON         0xa0000110       0x14 build/default/production/_ext/1360937237/uartrx.o
                0xa0000110                uartrxData
 COMMON         0xa0000124        0xc build/default/production/_ext/280795049/drv_i2c.o
                0xa0000124                gDrvI2CCommonDataObj
                0xa0000130                . = ALIGN ((. != 0x0)?0x4:0x1)
                0xa0000130                . = ALIGN (0x4)
                0xa0000130                _end = .
                0xa0000130                _bss_end = .
                0x00020000                _bmxdudba_address = 0x20000
                0x00020000                _bmxdupba_address = 0x20000

/DISCARD/
 *(.pdr)
 *(.rel.dyn)
 *(.note.GNU-stack)
 *(.note.GNU-stack)
 *(.gnu_debuglink)
 *(.gnu.lto_*)
 *(.discard)

.gptab.sdata
 *(.gptab.data)
 *(.gptab.sdata)

.gptab.sbss
 *(.gptab.bss)
 *(.gptab.sbss)

.mdebug.abi32   0xa0000130        0x0
 *(.mdebug.abi32)
 .mdebug.abi32  0xa0000130        0x0 build/default/production/_ext/1407244131/drv_tmr_static.o
 .mdebug.abi32  0xa0000130        0x0 build/default/production/_ext/1407244131/drv_tmr_mapping.o
 .mdebug.abi32  0xa0000130        0x0 build/default/production/_ext/327000265/drv_usart_mapping.o
 .mdebug.abi32  0xa0000130        0x0 build/default/production/_ext/327000265/drv_usart_static.o
 .mdebug.abi32  0xa0000130        0x0 build/default/production/_ext/327000265/drv_usart_static_byte_model.o
 .mdebug.abi32  0xa0000130        0x0 build/default/production/_ext/639803181/sys_clk_static.o
 .mdebug.abi32  0xa0000130        0x0 build/default/production/_ext/822048611/sys_ports_static.o
 .mdebug.abi32  0xa0000130        0x0 build/default/production/_ext/1688732426/system_init.o
 .mdebug.abi32  0xa0000130        0x0 build/default/production/_ext/1688732426/system_interrupt.o
 .mdebug.abi32  0xa0000130        0x0 build/default/production/_ext/1688732426/system_exceptions.o
 .mdebug.abi32  0xa0000130        0x0 build/default/production/_ext/1688732426/system_tasks.o
 .mdebug.abi32  0xa0000130        0x0 build/default/production/_ext/1688732426/rtos_hooks.o
 .mdebug.abi32  0xa0000130        0x0 build/default/production/_ext/1360937237/debug.o
 .mdebug.abi32  0xa0000130        0x0 build/default/production/_ext/1360937237/crc.o
 .mdebug.abi32  0xa0000130        0x0 build/default/production/_ext/1360937237/main_task.o
 .mdebug.abi32  0xa0000130        0x0 build/default/production/_ext/1360937237/main.o
 .mdebug.abi32  0xa0000130        0x0 build/default/production/_ext/1360937237/ultrasonic.o
 .mdebug.abi32  0xa0000130        0x0 build/default/production/_ext/1360937237/reflectance.o
 .mdebug.abi32  0xa0000130        0x0 build/default/production/_ext/1360937237/uarttx.o
 .mdebug.abi32  0xa0000130        0x0 build/default/production/_ext/1360937237/uartrx.o
 .mdebug.abi32  0xa0000130        0x0 build/default/production/_ext/280795049/drv_i2c.o
 .mdebug.abi32  0xa0000130        0x0 build/default/production/_ext/24337685/osal_freertos.o
 .mdebug.abi32  0xa0000130        0x0 build/default/production/_ext/1271179505/sys_devcon.o
 .mdebug.abi32  0xa0000130        0x0 build/default/production/_ext/1271179505/sys_devcon_pic32mx.o
 .mdebug.abi32  0xa0000130        0x0 build/default/production/_ext/122796885/sys_int_pic32.o
 .mdebug.abi32  0xa0000130        0x0 build/default/production/_ext/1856876499/heap_1.o
 .mdebug.abi32  0xa0000130        0x0 build/default/production/_ext/12131622/port.o
 .mdebug.abi32  0xa0000130        0x0 build/default/production/_ext/1128951024/croutine.o
 .mdebug.abi32  0xa0000130        0x0 build/default/production/_ext/1128951024/list.o
 .mdebug.abi32  0xa0000130        0x0 build/default/production/_ext/1128951024/queue.o
 .mdebug.abi32  0xa0000130        0x0 build/default/production/_ext/1128951024/tasks.o
 .mdebug.abi32  0xa0000130        0x0 build/default/production/_ext/1128951024/timers.o
 .mdebug.abi32  0xa0000130        0x0 build/default/production/_ext/1128951024/event_groups.o
 .mdebug.abi32  0xa0000130        0x0 build/default/production/_ext/1360937237/my_timers.o
 .mdebug.abi32  0xa0000130        0x0 c:/program files (x86)/microchip/xc32/v1.42/bin/bin/../../lib/gcc/pic32mx/4.8.3/../../../../pic32mx/lib\libpic32.a(default-bootstrap-exception-handler.o)
 .mdebug.abi32  0xa0000130        0x0 c:/program files (x86)/microchip/xc32/v1.42/bin/bin/../../lib/gcc/pic32mx/4.8.3/../../../../pic32mx/lib\libpic32.a(default-on-reset.o)
 .mdebug.abi32  0xa0000130        0x0 c:/program files (x86)/microchip/xc32/v1.42/bin/bin/../../lib/gcc/pic32mx/4.8.3/../../../../pic32mx/lib\libpic32.a(default-on-bootstrap.o)
 .mdebug.abi32  0xa0000130        0x0 c:/program files (x86)/microchip/xc32/v1.42/bin/bin/../../lib/gcc/pic32mx/4.8.3/../../../../pic32mx/lib\libpic32.a(defaultinterrupt.o)
 .mdebug.abi32  0xa0000130        0x0 c:/program files (x86)/microchip/xc32/v1.42/bin/bin/../../lib/gcc/pic32mx/4.8.3/../../../../pic32mx/lib\libc.a(printf_cdnopuxX.eo)
 .mdebug.abi32  0xa0000130        0x0 c:/program files (x86)/microchip/xc32/v1.42/bin/bin/../../lib/gcc/pic32mx/4.8.3/../../../../pic32mx/lib\libc.a(_iob.o)
 .mdebug.abi32  0xa0000130        0x0 c:/program files (x86)/microchip/xc32/v1.42/bin/bin/../../lib/gcc/pic32mx/4.8.3/../../../../pic32mx/lib\libc.a(doprnt_cdnopuxX.eo)
 .mdebug.abi32  0xa0000130        0x0 c:/program files (x86)/microchip/xc32/v1.42/bin/bin/../../lib/gcc/pic32mx/4.8.3/../../../../pic32mx/lib\libc.a(_fputc_simple.o)
 .mdebug.abi32  0xa0000130        0x0 c:/program files (x86)/microchip/xc32/v1.42/bin/bin/../../lib/gcc/pic32mx/4.8.3/../../../../pic32mx/lib\libc.a(ctype.o)
 .mdebug.abi32  0xa0000130        0x0 c:/program files (x86)/microchip/xc32/v1.42/bin/bin/../../lib/gcc/pic32mx/4.8.3/../../../../pic32mx/lib\libc.a(_flsbuf_simple.o)
 .mdebug.abi32  0xa0000130        0x0 c:/program files (x86)/microchip/xc32/v1.42/bin/bin/../../lib/gcc/pic32mx/4.8.3/../../../../pic32mx/lib\libpic32.a(write.o)
 .mdebug.abi32  0xa0000130        0x0 c:/program files (x86)/microchip/xc32/v1.42/bin/bin/../../lib/gcc/pic32mx/4.8.3/../../../../pic32mx/lib\libpic32.a(_mon_putc.o)
 .mdebug.abi32  0xa0000130        0x0 c:/program files (x86)/microchip/xc32/v1.42/bin/bin/../../lib/gcc/pic32mx/4.8.3/../../../../pic32mx/lib\libpic32.a(xc32_uart.o)
 .mdebug.abi32  0xa0000130        0x0 c:/program files (x86)/microchip/xc32/v1.42/bin/bin/../../lib/gcc/pic32mx/4.8.3\libgcc.a(_udivdi3.o)
 .mdebug.abi32  0xa0000130        0x0 c:/program files (x86)/microchip/xc32/v1.42/bin/bin/../../lib/gcc/pic32mx/4.8.3\libgcc.a(_umoddi3.o)

.mdebug.abiN32
 *(.mdebug.abiN32)

.mdebug.abi64
 *(.mdebug.abi64)

.mdebug.abiO64
 *(.mdebug.abiO64)

.mdebug.eabi32
 *(.mdebug.eabi32)

.mdebug.eabi64
 *(.mdebug.eabi64)

.gcc_compiled_long32
 *(.gcc_compiled_long32)

.gcc_compiled_long64
 *(.gcc_compiled_long64)

.stab
 *(.stab)

.stabstr
 *(.stabstr)

.stab.excl
 *(.stab.excl)

.stab.exclstr
 *(.stab.exclstr)

.stab.index
 *(.stab.index)

.stab.indexstr
 *(.stab.indexstr)

.comment        0x00000000       0xa2
 *(.comment)
 .comment       0x00000000       0x3c build/default/production/_ext/1407244131/drv_tmr_static.o
                                 0x3d (size before relaxing)
 .comment       0x00000000       0x3d build/default/production/_ext/1407244131/drv_tmr_mapping.o
 .comment       0x00000000       0x3d build/default/production/_ext/327000265/drv_usart_mapping.o
 .comment       0x00000000       0x3d build/default/production/_ext/327000265/drv_usart_static.o
 .comment       0x00000000       0x3d build/default/production/_ext/327000265/drv_usart_static_byte_model.o
 .comment       0x00000000       0x3d build/default/production/_ext/639803181/sys_clk_static.o
 .comment       0x00000000       0x3d build/default/production/_ext/822048611/sys_ports_static.o
 .comment       0x00000000       0x3d build/default/production/_ext/1688732426/system_init.o
 .comment       0x00000000       0x3d build/default/production/_ext/1688732426/system_interrupt.o
 .comment       0x00000000       0x3d build/default/production/_ext/1688732426/system_exceptions.o
 .comment       0x00000000       0x3d build/default/production/_ext/1688732426/system_tasks.o
 .comment       0x00000000       0x3d build/default/production/_ext/1688732426/rtos_hooks.o
 .comment       0x00000000       0x3d build/default/production/_ext/1360937237/debug.o
 .comment       0x00000000       0x3d build/default/production/_ext/1360937237/crc.o
 .comment       0x00000000       0x3d build/default/production/_ext/1360937237/main_task.o
 .comment       0x00000000       0x3d build/default/production/_ext/1360937237/main.o
 .comment       0x00000000       0x3d build/default/production/_ext/1360937237/ultrasonic.o
 .comment       0x00000000       0x3d build/default/production/_ext/1360937237/reflectance.o
 .comment       0x00000000       0x3d build/default/production/_ext/1360937237/uarttx.o
 .comment       0x00000000       0x3d build/default/production/_ext/1360937237/uartrx.o
 .comment       0x00000000       0x3d build/default/production/_ext/280795049/drv_i2c.o
 .comment       0x00000000       0x3d build/default/production/_ext/24337685/osal_freertos.o
 .comment       0x00000000       0x3d build/default/production/_ext/1271179505/sys_devcon.o
 .comment       0x00000000       0x3d build/default/production/_ext/1271179505/sys_devcon_pic32mx.o
 .comment       0x00000000       0x3d build/default/production/_ext/122796885/sys_int_pic32.o
 .comment       0x00000000       0x3d build/default/production/_ext/1856876499/heap_1.o
 .comment       0x00000000       0x3d build/default/production/_ext/12131622/port.o
 .comment       0x00000000       0x3d build/default/production/_ext/1128951024/croutine.o
 .comment       0x00000000       0x3d build/default/production/_ext/1128951024/list.o
 .comment       0x00000000       0x3d build/default/production/_ext/1128951024/queue.o
 .comment       0x00000000       0x3d build/default/production/_ext/1128951024/tasks.o
 .comment       0x00000000       0x3d build/default/production/_ext/1128951024/timers.o
 .comment       0x00000000       0x3d build/default/production/_ext/1128951024/event_groups.o
 .comment       0x00000000       0x3d build/default/production/_ext/1360937237/my_timers.o
 .comment       0x0000003c       0x18 c:/program files (x86)/microchip/xc32/v1.42/bin/bin/../../lib/gcc/pic32mx/4.8.3/../../../../pic32mx/lib\libpic32.a(memset.o)
                                 0x19 (size before relaxing)
 .comment       0x00000000       0x3d c:/program files (x86)/microchip/xc32/v1.42/bin/bin/../../lib/gcc/pic32mx/4.8.3/../../../../pic32mx/lib\libpic32.a(default-bootstrap-exception-handler.o)
 .comment       0x00000000       0x3d c:/program files (x86)/microchip/xc32/v1.42/bin/bin/../../lib/gcc/pic32mx/4.8.3/../../../../pic32mx/lib\libpic32.a(default-on-reset.o)
 .comment       0x00000000       0x3d c:/program files (x86)/microchip/xc32/v1.42/bin/bin/../../lib/gcc/pic32mx/4.8.3/../../../../pic32mx/lib\libpic32.a(default-on-bootstrap.o)
 .comment       0x00000000       0x3d c:/program files (x86)/microchip/xc32/v1.42/bin/bin/../../lib/gcc/pic32mx/4.8.3/../../../../pic32mx/lib\libpic32.a(defaultinterrupt.o)
 .comment       0x00000000       0x3d c:/program files (x86)/microchip/xc32/v1.42/bin/bin/../../lib/gcc/pic32mx/4.8.3/../../../../pic32mx/lib\libc.a(printf_cdnopuxX.eo)
 .comment       0x00000000       0x3d c:/program files (x86)/microchip/xc32/v1.42/bin/bin/../../lib/gcc/pic32mx/4.8.3/../../../../pic32mx/lib\libc.a(_iob.o)
 .comment       0x00000000       0x3d c:/program files (x86)/microchip/xc32/v1.42/bin/bin/../../lib/gcc/pic32mx/4.8.3/../../../../pic32mx/lib\libc.a(doprnt_cdnopuxX.eo)
 .comment       0x00000000       0x3d c:/program files (x86)/microchip/xc32/v1.42/bin/bin/../../lib/gcc/pic32mx/4.8.3/../../../../pic32mx/lib\libc.a(_fputc_simple.o)
 .comment       0x00000054       0x4e c:/program files (x86)/microchip/xc32/v1.42/bin/bin/../../lib/gcc/pic32mx/4.8.3/../../../../pic32mx/lib\libc.a(ctype.o)
                                 0x8b (size before relaxing)
 .comment       0x00000000       0x3d c:/program files (x86)/microchip/xc32/v1.42/bin/bin/../../lib/gcc/pic32mx/4.8.3/../../../../pic32mx/lib\libc.a(_flsbuf_simple.o)
 .comment       0x00000000       0x3d c:/program files (x86)/microchip/xc32/v1.42/bin/bin/../../lib/gcc/pic32mx/4.8.3/../../../../pic32mx/lib\libpic32.a(write.o)
 .comment       0x00000000       0x3d c:/program files (x86)/microchip/xc32/v1.42/bin/bin/../../lib/gcc/pic32mx/4.8.3/../../../../pic32mx/lib\libpic32.a(_mon_putc.o)
 .comment       0x00000000       0x3d c:/program files (x86)/microchip/xc32/v1.42/bin/bin/../../lib/gcc/pic32mx/4.8.3/../../../../pic32mx/lib\libpic32.a(xc32_uart.o)
 .comment       0x00000000       0x3d c:/program files (x86)/microchip/xc32/v1.42/bin/bin/../../lib/gcc/pic32mx/4.8.3\libgcc.a(_udivdi3.o)
 .comment       0x00000000       0x3d c:/program files (x86)/microchip/xc32/v1.42/bin/bin/../../lib/gcc/pic32mx/4.8.3\libgcc.a(_umoddi3.o)

.debug
 *(.debug)

.line
 *(.line)

.debug_srcinfo
 *(.debug_srcinfo)

.debug_sfnames
 *(.debug_sfnames)

.debug_aranges  0x00000000     0x1068
 *(.debug_aranges)
 .debug_aranges
                0x00000000      0x1d8 build/default/production/_ext/1407244131/drv_tmr_static.o
 .debug_aranges
                0x000001d8       0xc8 build/default/production/_ext/1407244131/drv_tmr_mapping.o
 .debug_aranges
                0x000002a0       0xa8 build/default/production/_ext/327000265/drv_usart_mapping.o
 .debug_aranges
                0x00000348       0x78 build/default/production/_ext/327000265/drv_usart_static.o
 .debug_aranges
                0x000003c0       0x48 build/default/production/_ext/327000265/drv_usart_static_byte_model.o
 .debug_aranges
                0x00000408       0x50 build/default/production/_ext/639803181/sys_clk_static.o
 .debug_aranges
                0x00000458      0x108 build/default/production/_ext/822048611/sys_ports_static.o
 .debug_aranges
                0x00000560       0x20 build/default/production/_ext/1688732426/system_init.o
 .debug_aranges
                0x00000580       0x48 build/default/production/_ext/1688732426/system_interrupt.o
 .debug_aranges
                0x000005c8       0x20 build/default/production/_ext/1688732426/system_exceptions.o
 .debug_aranges
                0x000005e8       0x50 build/default/production/_ext/1688732426/system_tasks.o
 .debug_aranges
                0x00000638       0x78 build/default/production/_ext/1688732426/system_interrupt_a.o
 .debug_aranges
                0x000006b0       0x28 build/default/production/_ext/1688732426/rtos_hooks.o
 .debug_aranges
                0x000006d8       0x30 build/default/production/_ext/1360937237/debug.o
 .debug_aranges
                0x00000708       0x30 build/default/production/_ext/1360937237/crc.o
 .debug_aranges
                0x00000738       0x28 build/default/production/_ext/1360937237/main_task.o
 .debug_aranges
                0x00000760       0x20 build/default/production/_ext/1360937237/main.o
 .debug_aranges
                0x00000780       0x28 build/default/production/_ext/1360937237/ultrasonic.o
 .debug_aranges
                0x000007a8       0x30 build/default/production/_ext/1360937237/reflectance.o
 .debug_aranges
                0x000007d8       0x38 build/default/production/_ext/1360937237/uarttx.o
 .debug_aranges
                0x00000810       0x30 build/default/production/_ext/1360937237/uartrx.o
 .debug_aranges
                0x00000840      0x100 build/default/production/_ext/280795049/drv_i2c.o
 .debug_aranges
                0x00000940       0x88 build/default/production/_ext/24337685/osal_freertos.o
 .debug_aranges
                0x000009c8       0x78 build/default/production/_ext/1271179505/sys_devcon.o
 .debug_aranges
                0x00000a40       0x20 build/default/production/_ext/1271179505/sys_devcon_pic32mx.o
 .debug_aranges
                0x00000a60       0x48 build/default/production/_ext/122796885/sys_int_pic32.o
 .debug_aranges
                0x00000aa8       0x38 build/default/production/_ext/1856876499/heap_1.o
 .debug_aranges
                0x00000ae0       0x58 build/default/production/_ext/12131622/port.o
 .debug_aranges
                0x00000b38       0x20 build/default/production/_ext/12131622/port_asm.o
 .debug_aranges
                0x00000b58       0x18 build/default/production/_ext/1128951024/croutine.o
 .debug_aranges
                0x00000b70       0x40 build/default/production/_ext/1128951024/list.o
 .debug_aranges
                0x00000bb0       0xb8 build/default/production/_ext/1128951024/queue.o
 .debug_aranges
                0x00000c68      0x180 build/default/production/_ext/1128951024/tasks.o
 .debug_aranges
                0x00000de8       0x70 build/default/production/_ext/1128951024/timers.o
 .debug_aranges
                0x00000e58       0x60 build/default/production/_ext/1128951024/event_groups.o
 .debug_aranges
                0x00000eb8       0x30 build/default/production/_ext/1360937237/my_timers.o
 .debug_aranges
                0x00000ee8       0x20 c:/program files (x86)/microchip/xc32/v1.42/bin/bin/../../lib/gcc/pic32mx/4.8.3/../../../../pic32mx/lib\libpic32.a(default-bootstrap-exception-handler.o)
 .debug_aranges
                0x00000f08       0x20 c:/program files (x86)/microchip/xc32/v1.42/bin/bin/../../lib/gcc/pic32mx/4.8.3/../../../../pic32mx/lib\libpic32.a(default-on-reset.o)
 .debug_aranges
                0x00000f28       0x20 c:/program files (x86)/microchip/xc32/v1.42/bin/bin/../../lib/gcc/pic32mx/4.8.3/../../../../pic32mx/lib\libpic32.a(default-on-bootstrap.o)
 .debug_aranges
                0x00000f48       0x20 c:/program files (x86)/microchip/xc32/v1.42/bin/bin/../../lib/gcc/pic32mx/4.8.3/../../../../pic32mx/lib\libpic32.a(defaultinterrupt.o)
 .debug_aranges
                0x00000f68       0x20 c:/program files (x86)/microchip/xc32/v1.42/bin/bin/../../lib/gcc/pic32mx/4.8.3/../../../../pic32mx/lib\libc.a(printf_cdnopuxX.eo)
 .debug_aranges
                0x00000f88       0x20 c:/program files (x86)/microchip/xc32/v1.42/bin/bin/../../lib/gcc/pic32mx/4.8.3/../../../../pic32mx/lib\libc.a(doprnt_cdnopuxX.eo)
 .debug_aranges
                0x00000fa8       0x20 c:/program files (x86)/microchip/xc32/v1.42/bin/bin/../../lib/gcc/pic32mx/4.8.3/../../../../pic32mx/lib\libc.a(_fputc_simple.o)
 .debug_aranges
                0x00000fc8       0x20 c:/program files (x86)/microchip/xc32/v1.42/bin/bin/../../lib/gcc/pic32mx/4.8.3/../../../../pic32mx/lib\libc.a(_flsbuf_simple.o)
 .debug_aranges
                0x00000fe8       0x20 c:/program files (x86)/microchip/xc32/v1.42/bin/bin/../../lib/gcc/pic32mx/4.8.3/../../../../pic32mx/lib\libpic32.a(write.o)
 .debug_aranges
                0x00001008       0x20 c:/program files (x86)/microchip/xc32/v1.42/bin/bin/../../lib/gcc/pic32mx/4.8.3/../../../../pic32mx/lib\libpic32.a(_mon_putc.o)
 .debug_aranges
                0x00001028       0x20 c:/program files (x86)/microchip/xc32/v1.42/bin/bin/../../lib/gcc/pic32mx/4.8.3\libgcc.a(_udivdi3.o)
 .debug_aranges
                0x00001048       0x20 c:/program files (x86)/microchip/xc32/v1.42/bin/bin/../../lib/gcc/pic32mx/4.8.3\libgcc.a(_umoddi3.o)

.debug_pubnames
 *(.debug_pubnames)

.debug_info     0x00000000    0x4043a
 *(.debug_info .gnu.linkonce.wi.*)
 .debug_info    0x00000000     0x5644 build/default/production/_ext/1407244131/drv_tmr_static.o
 .debug_info    0x00005644     0x1707 build/default/production/_ext/1407244131/drv_tmr_mapping.o
 .debug_info    0x00006d4b     0x1eab build/default/production/_ext/327000265/drv_usart_mapping.o
 .debug_info    0x00008bf6     0x3fa0 build/default/production/_ext/327000265/drv_usart_static.o
 .debug_info    0x0000cb96     0x231d build/default/production/_ext/327000265/drv_usart_static_byte_model.o
 .debug_info    0x0000eeb3     0x1c3c build/default/production/_ext/639803181/sys_clk_static.o
 .debug_info    0x00010aef     0x3c98 build/default/production/_ext/822048611/sys_ports_static.o
 .debug_info    0x00014787     0x314d build/default/production/_ext/1688732426/system_init.o
 .debug_info    0x000178d4     0x21e4 build/default/production/_ext/1688732426/system_interrupt.o
 .debug_info    0x00019ab8      0xfb8 build/default/production/_ext/1688732426/system_exceptions.o
 .debug_info    0x0001aa70     0x14fc build/default/production/_ext/1688732426/system_tasks.o
 .debug_info    0x0001bf6c       0xa7 build/default/production/_ext/1688732426/system_interrupt_a.o
 .debug_info    0x0001c013      0x25d build/default/production/_ext/1688732426/rtos_hooks.o
 .debug_info    0x0001c270     0x1b14 build/default/production/_ext/1360937237/debug.o
 .debug_info    0x0001dd84      0x317 build/default/production/_ext/1360937237/crc.o
 .debug_info    0x0001e09b     0x1601 build/default/production/_ext/1360937237/main_task.o
 .debug_info    0x0001f69c      0x1b5 build/default/production/_ext/1360937237/main.o
 .debug_info    0x0001f851     0x15f7 build/default/production/_ext/1360937237/ultrasonic.o
 .debug_info    0x00020e48     0x1f71 build/default/production/_ext/1360937237/reflectance.o
 .debug_info    0x00022db9     0x25c3 build/default/production/_ext/1360937237/uarttx.o
 .debug_info    0x0002537c     0x17fc build/default/production/_ext/1360937237/uartrx.o
 .debug_info    0x00026b78     0xb281 build/default/production/_ext/280795049/drv_i2c.o
 .debug_info    0x00031df9      0xa99 build/default/production/_ext/24337685/osal_freertos.o
 .debug_info    0x00032892     0x1159 build/default/production/_ext/1271179505/sys_devcon.o
 .debug_info    0x000339eb      0xd4a build/default/production/_ext/1271179505/sys_devcon_pic32mx.o
 .debug_info    0x00034735     0x15b1 build/default/production/_ext/122796885/sys_int_pic32.o
 .debug_info    0x00035ce6      0x380 build/default/production/_ext/1856876499/heap_1.o
 .debug_info    0x00036066     0x11a9 build/default/production/_ext/12131622/port.o
 .debug_info    0x0003720f       0xc8 build/default/production/_ext/12131622/port_asm.o
 .debug_info    0x000372d7      0x17a build/default/production/_ext/1128951024/croutine.o
 .debug_info    0x00037451      0x46a build/default/production/_ext/1128951024/list.o
 .debug_info    0x000378bb     0x183a build/default/production/_ext/1128951024/queue.o
 .debug_info    0x000390f5     0x2a05 build/default/production/_ext/1128951024/tasks.o
 .debug_info    0x0003bafa     0x14fe build/default/production/_ext/1128951024/timers.o
 .debug_info    0x0003cff8      0xd4c build/default/production/_ext/1128951024/event_groups.o
 .debug_info    0x0003dd44      0xf91 build/default/production/_ext/1360937237/my_timers.o
 .debug_info    0x0003ecd5       0xf5 c:/program files (x86)/microchip/xc32/v1.42/bin/bin/../../lib/gcc/pic32mx/4.8.3/../../../../pic32mx/lib\libpic32.a(default-bootstrap-exception-handler.o)
 .debug_info    0x0003edca       0xcf c:/program files (x86)/microchip/xc32/v1.42/bin/bin/../../lib/gcc/pic32mx/4.8.3/../../../../pic32mx/lib\libpic32.a(default-on-reset.o)
 .debug_info    0x0003ee99       0xd7 c:/program files (x86)/microchip/xc32/v1.42/bin/bin/../../lib/gcc/pic32mx/4.8.3/../../../../pic32mx/lib\libpic32.a(default-on-bootstrap.o)
 .debug_info    0x0003ef70       0xe9 c:/program files (x86)/microchip/xc32/v1.42/bin/bin/../../lib/gcc/pic32mx/4.8.3/../../../../pic32mx/lib\libpic32.a(defaultinterrupt.o)
 .debug_info    0x0003f059       0xd2 c:/program files (x86)/microchip/xc32/v1.42/bin/bin/../../lib/gcc/pic32mx/4.8.3/../../../../pic32mx/lib\libc.a(printf_cdnopuxX.eo)
 .debug_info    0x0003f12b       0xd5 c:/program files (x86)/microchip/xc32/v1.42/bin/bin/../../lib/gcc/pic32mx/4.8.3/../../../../pic32mx/lib\libc.a(doprnt_cdnopuxX.eo)
 .debug_info    0x0003f200       0xc6 c:/program files (x86)/microchip/xc32/v1.42/bin/bin/../../lib/gcc/pic32mx/4.8.3/../../../../pic32mx/lib\libc.a(_fputc_simple.o)
 .debug_info    0x0003f2c6       0xc9 c:/program files (x86)/microchip/xc32/v1.42/bin/bin/../../lib/gcc/pic32mx/4.8.3/../../../../pic32mx/lib\libc.a(_flsbuf_simple.o)
 .debug_info    0x0003f38f       0xc0 c:/program files (x86)/microchip/xc32/v1.42/bin/bin/../../lib/gcc/pic32mx/4.8.3/../../../../pic32mx/lib\libpic32.a(write.o)
 .debug_info    0x0003f44f       0xc8 c:/program files (x86)/microchip/xc32/v1.42/bin/bin/../../lib/gcc/pic32mx/4.8.3/../../../../pic32mx/lib\libpic32.a(_mon_putc.o)
 .debug_info    0x0003f517      0x773 c:/program files (x86)/microchip/xc32/v1.42/bin/bin/../../lib/gcc/pic32mx/4.8.3\libgcc.a(_udivdi3.o)
 .debug_info    0x0003fc8a      0x7b0 c:/program files (x86)/microchip/xc32/v1.42/bin/bin/../../lib/gcc/pic32mx/4.8.3\libgcc.a(_umoddi3.o)

.debug_abbrev   0x00000000     0x4b00
 *(.debug_abbrev)
 .debug_abbrev  0x00000000      0x34a build/default/production/_ext/1407244131/drv_tmr_static.o
 .debug_abbrev  0x0000034a      0x268 build/default/production/_ext/1407244131/drv_tmr_mapping.o
 .debug_abbrev  0x000005b2      0x25a build/default/production/_ext/327000265/drv_usart_mapping.o
 .debug_abbrev  0x0000080c      0x3b4 build/default/production/_ext/327000265/drv_usart_static.o
 .debug_abbrev  0x00000bc0      0x281 build/default/production/_ext/327000265/drv_usart_static_byte_model.o
 .debug_abbrev  0x00000e41      0x2b4 build/default/production/_ext/639803181/sys_clk_static.o
 .debug_abbrev  0x000010f5      0x22b build/default/production/_ext/822048611/sys_ports_static.o
 .debug_abbrev  0x00001320      0x310 build/default/production/_ext/1688732426/system_init.o
 .debug_abbrev  0x00001630      0x1d6 build/default/production/_ext/1688732426/system_interrupt.o
 .debug_abbrev  0x00001806       0xdd build/default/production/_ext/1688732426/system_exceptions.o
 .debug_abbrev  0x000018e3      0x191 build/default/production/_ext/1688732426/system_tasks.o
 .debug_abbrev  0x00001a74       0x12 build/default/production/_ext/1688732426/system_interrupt_a.o
 .debug_abbrev  0x00001a86       0x97 build/default/production/_ext/1688732426/rtos_hooks.o
 .debug_abbrev  0x00001b1d      0x1b5 build/default/production/_ext/1360937237/debug.o
 .debug_abbrev  0x00001cd2       0xfd build/default/production/_ext/1360937237/crc.o
 .debug_abbrev  0x00001dcf      0x1fe build/default/production/_ext/1360937237/main_task.o
 .debug_abbrev  0x00001fcd       0x93 build/default/production/_ext/1360937237/main.o
 .debug_abbrev  0x00002060      0x20f build/default/production/_ext/1360937237/ultrasonic.o
 .debug_abbrev  0x0000226f      0x27a build/default/production/_ext/1360937237/reflectance.o
 .debug_abbrev  0x000024e9      0x264 build/default/production/_ext/1360937237/uarttx.o
 .debug_abbrev  0x0000274d      0x21e build/default/production/_ext/1360937237/uartrx.o
 .debug_abbrev  0x0000296b      0x3d5 build/default/production/_ext/280795049/drv_i2c.o
 .debug_abbrev  0x00002d40      0x1fe build/default/production/_ext/24337685/osal_freertos.o
 .debug_abbrev  0x00002f3e      0x26d build/default/production/_ext/1271179505/sys_devcon.o
 .debug_abbrev  0x000031ab      0x16d build/default/production/_ext/1271179505/sys_devcon_pic32mx.o
 .debug_abbrev  0x00003318      0x1d0 build/default/production/_ext/122796885/sys_int_pic32.o
 .debug_abbrev  0x000034e8      0x13f build/default/production/_ext/1856876499/heap_1.o
 .debug_abbrev  0x00003627      0x2cf build/default/production/_ext/12131622/port.o
 .debug_abbrev  0x000038f6       0x14 build/default/production/_ext/12131622/port_asm.o
 .debug_abbrev  0x0000390a       0x1b build/default/production/_ext/1128951024/croutine.o
 .debug_abbrev  0x00003925       0xf1 build/default/production/_ext/1128951024/list.o
 .debug_abbrev  0x00003a16      0x2c4 build/default/production/_ext/1128951024/queue.o
 .debug_abbrev  0x00003cda      0x36d build/default/production/_ext/1128951024/tasks.o
 .debug_abbrev  0x00004047      0x341 build/default/production/_ext/1128951024/timers.o
 .debug_abbrev  0x00004388      0x29a build/default/production/_ext/1128951024/event_groups.o
 .debug_abbrev  0x00004622       0xcf build/default/production/_ext/1360937237/my_timers.o
 .debug_abbrev  0x000046f1       0x28 c:/program files (x86)/microchip/xc32/v1.42/bin/bin/../../lib/gcc/pic32mx/4.8.3/../../../../pic32mx/lib\libpic32.a(default-bootstrap-exception-handler.o)
 .debug_abbrev  0x00004719       0x28 c:/program files (x86)/microchip/xc32/v1.42/bin/bin/../../lib/gcc/pic32mx/4.8.3/../../../../pic32mx/lib\libpic32.a(default-on-reset.o)
 .debug_abbrev  0x00004741       0x28 c:/program files (x86)/microchip/xc32/v1.42/bin/bin/../../lib/gcc/pic32mx/4.8.3/../../../../pic32mx/lib\libpic32.a(default-on-bootstrap.o)
 .debug_abbrev  0x00004769       0x28 c:/program files (x86)/microchip/xc32/v1.42/bin/bin/../../lib/gcc/pic32mx/4.8.3/../../../../pic32mx/lib\libpic32.a(defaultinterrupt.o)
 .debug_abbrev  0x00004791       0x28 c:/program files (x86)/microchip/xc32/v1.42/bin/bin/../../lib/gcc/pic32mx/4.8.3/../../../../pic32mx/lib\libc.a(printf_cdnopuxX.eo)
 .debug_abbrev  0x000047b9       0x28 c:/program files (x86)/microchip/xc32/v1.42/bin/bin/../../lib/gcc/pic32mx/4.8.3/../../../../pic32mx/lib\libc.a(doprnt_cdnopuxX.eo)
 .debug_abbrev  0x000047e1       0x28 c:/program files (x86)/microchip/xc32/v1.42/bin/bin/../../lib/gcc/pic32mx/4.8.3/../../../../pic32mx/lib\libc.a(_fputc_simple.o)
 .debug_abbrev  0x00004809       0x28 c:/program files (x86)/microchip/xc32/v1.42/bin/bin/../../lib/gcc/pic32mx/4.8.3/../../../../pic32mx/lib\libc.a(_flsbuf_simple.o)
 .debug_abbrev  0x00004831       0x28 c:/program files (x86)/microchip/xc32/v1.42/bin/bin/../../lib/gcc/pic32mx/4.8.3/../../../../pic32mx/lib\libpic32.a(write.o)
 .debug_abbrev  0x00004859       0x28 c:/program files (x86)/microchip/xc32/v1.42/bin/bin/../../lib/gcc/pic32mx/4.8.3/../../../../pic32mx/lib\libpic32.a(_mon_putc.o)
 .debug_abbrev  0x00004881      0x138 c:/program files (x86)/microchip/xc32/v1.42/bin/bin/../../lib/gcc/pic32mx/4.8.3\libgcc.a(_udivdi3.o)
 .debug_abbrev  0x000049b9      0x147 c:/program files (x86)/microchip/xc32/v1.42/bin/bin/../../lib/gcc/pic32mx/4.8.3\libgcc.a(_umoddi3.o)

.debug_line     0x00000000     0xc918
 *(.debug_line)
 .debug_line    0x00000000      0xcd5 build/default/production/_ext/1407244131/drv_tmr_static.o
 .debug_line    0x00000cd5      0x520 build/default/production/_ext/1407244131/drv_tmr_mapping.o
 .debug_line    0x000011f5      0x5b8 build/default/production/_ext/327000265/drv_usart_mapping.o
 .debug_line    0x000017ad      0x938 build/default/production/_ext/327000265/drv_usart_static.o
 .debug_line    0x000020e5      0x5e3 build/default/production/_ext/327000265/drv_usart_static_byte_model.o
 .debug_line    0x000026c8      0x5cd build/default/production/_ext/639803181/sys_clk_static.o
 .debug_line    0x00002c95      0x7b8 build/default/production/_ext/822048611/sys_ports_static.o
 .debug_line    0x0000344d      0x7b0 build/default/production/_ext/1688732426/system_init.o
 .debug_line    0x00003bfd      0x5bb build/default/production/_ext/1688732426/system_interrupt.o
 .debug_line    0x000041b8      0x2f0 build/default/production/_ext/1688732426/system_exceptions.o
 .debug_line    0x000044a8      0x49b build/default/production/_ext/1688732426/system_tasks.o
 .debug_line    0x00004943      0x14d build/default/production/_ext/1688732426/system_interrupt_a.o
 .debug_line    0x00004a90      0x14b build/default/production/_ext/1688732426/rtos_hooks.o
 .debug_line    0x00004bdb      0x510 build/default/production/_ext/1360937237/debug.o
 .debug_line    0x000050eb      0x145 build/default/production/_ext/1360937237/crc.o
 .debug_line    0x00005230      0x446 build/default/production/_ext/1360937237/main_task.o
 .debug_line    0x00005676       0xc0 build/default/production/_ext/1360937237/main.o
 .debug_line    0x00005736      0x4e3 build/default/production/_ext/1360937237/ultrasonic.o
 .debug_line    0x00005c19      0x4a3 build/default/production/_ext/1360937237/reflectance.o
 .debug_line    0x000060bc      0x62f build/default/production/_ext/1360937237/uarttx.o
 .debug_line    0x000066eb      0x4b5 build/default/production/_ext/1360937237/uartrx.o
 .debug_line    0x00006ba0     0x274f build/default/production/_ext/280795049/drv_i2c.o
 .debug_line    0x000092ef      0x2c4 build/default/production/_ext/24337685/osal_freertos.o
 .debug_line    0x000095b3      0x5e7 build/default/production/_ext/1271179505/sys_devcon.o
 .debug_line    0x00009b9a      0x48f build/default/production/_ext/1271179505/sys_devcon_pic32mx.o
 .debug_line    0x0000a029      0x39e build/default/production/_ext/122796885/sys_int_pic32.o
 .debug_line    0x0000a3c7      0x220 build/default/production/_ext/1856876499/heap_1.o
 .debug_line    0x0000a5e7      0x240 build/default/production/_ext/12131622/port.o
 .debug_line    0x0000a827      0x102 build/default/production/_ext/12131622/port_asm.o
 .debug_line    0x0000a929       0x1d build/default/production/_ext/1128951024/croutine.o
 .debug_line    0x0000a946      0x1e5 build/default/production/_ext/1128951024/list.o
 .debug_line    0x0000ab2b      0x4a9 build/default/production/_ext/1128951024/queue.o
 .debug_line    0x0000afd4      0x81e build/default/production/_ext/1128951024/tasks.o
 .debug_line    0x0000b7f2      0x39e build/default/production/_ext/1128951024/timers.o
 .debug_line    0x0000bb90      0x32a build/default/production/_ext/1128951024/event_groups.o
 .debug_line    0x0000beba      0x2ac build/default/production/_ext/1360937237/my_timers.o
 .debug_line    0x0000c166       0xa9 c:/program files (x86)/microchip/xc32/v1.42/bin/bin/../../lib/gcc/pic32mx/4.8.3/../../../../pic32mx/lib\libpic32.a(default-bootstrap-exception-handler.o)
 .debug_line    0x0000c20f       0x96 c:/program files (x86)/microchip/xc32/v1.42/bin/bin/../../lib/gcc/pic32mx/4.8.3/../../../../pic32mx/lib\libpic32.a(default-on-reset.o)
 .debug_line    0x0000c2a5       0x9a c:/program files (x86)/microchip/xc32/v1.42/bin/bin/../../lib/gcc/pic32mx/4.8.3/../../../../pic32mx/lib\libpic32.a(default-on-bootstrap.o)
 .debug_line    0x0000c33f       0xa8 c:/program files (x86)/microchip/xc32/v1.42/bin/bin/../../lib/gcc/pic32mx/4.8.3/../../../../pic32mx/lib\libpic32.a(defaultinterrupt.o)
 .debug_line    0x0000c3e7       0x82 c:/program files (x86)/microchip/xc32/v1.42/bin/bin/../../lib/gcc/pic32mx/4.8.3/../../../../pic32mx/lib\libc.a(printf_cdnopuxX.eo)
 .debug_line    0x0000c469        0x0 c:/program files (x86)/microchip/xc32/v1.42/bin/bin/../../lib/gcc/pic32mx/4.8.3/../../../../pic32mx/lib\libc.a(_iob.o)
 .debug_line    0x0000c469       0x82 c:/program files (x86)/microchip/xc32/v1.42/bin/bin/../../lib/gcc/pic32mx/4.8.3/../../../../pic32mx/lib\libc.a(doprnt_cdnopuxX.eo)
 .debug_line    0x0000c4eb       0x81 c:/program files (x86)/microchip/xc32/v1.42/bin/bin/../../lib/gcc/pic32mx/4.8.3/../../../../pic32mx/lib\libc.a(_fputc_simple.o)
 .debug_line    0x0000c56c        0x0 c:/program files (x86)/microchip/xc32/v1.42/bin/bin/../../lib/gcc/pic32mx/4.8.3/../../../../pic32mx/lib\libc.a(ctype.o)
 .debug_line    0x0000c56c       0x82 c:/program files (x86)/microchip/xc32/v1.42/bin/bin/../../lib/gcc/pic32mx/4.8.3/../../../../pic32mx/lib\libc.a(_flsbuf_simple.o)
 .debug_line    0x0000c5ee       0x8b c:/program files (x86)/microchip/xc32/v1.42/bin/bin/../../lib/gcc/pic32mx/4.8.3/../../../../pic32mx/lib\libpic32.a(write.o)
 .debug_line    0x0000c679       0x8f c:/program files (x86)/microchip/xc32/v1.42/bin/bin/../../lib/gcc/pic32mx/4.8.3/../../../../pic32mx/lib\libpic32.a(_mon_putc.o)
 .debug_line    0x0000c708        0x0 c:/program files (x86)/microchip/xc32/v1.42/bin/bin/../../lib/gcc/pic32mx/4.8.3/../../../../pic32mx/lib\libpic32.a(xc32_uart.o)
 .debug_line    0x0000c708       0xff c:/program files (x86)/microchip/xc32/v1.42/bin/bin/../../lib/gcc/pic32mx/4.8.3\libgcc.a(_udivdi3.o)
 .debug_line    0x0000c807      0x111 c:/program files (x86)/microchip/xc32/v1.42/bin/bin/../../lib/gcc/pic32mx/4.8.3\libgcc.a(_umoddi3.o)

.debug_frame    0x00000000     0x21dc
 *(.debug_frame)
 .debug_frame   0x00000000      0x3b0 build/default/production/_ext/1407244131/drv_tmr_static.o
 .debug_frame   0x000003b0      0x1c8 build/default/production/_ext/1407244131/drv_tmr_mapping.o
 .debug_frame   0x00000578      0x238 build/default/production/_ext/327000265/drv_usart_mapping.o
 .debug_frame   0x000007b0       0xfc build/default/production/_ext/327000265/drv_usart_static.o
 .debug_frame   0x000008ac       0x80 build/default/production/_ext/327000265/drv_usart_static_byte_model.o
 .debug_frame   0x0000092c       0xa0 build/default/production/_ext/639803181/sys_clk_static.o
 .debug_frame   0x000009cc      0x1f0 build/default/production/_ext/822048611/sys_ports_static.o
 .debug_frame   0x00000bbc       0x2c build/default/production/_ext/1688732426/system_init.o
 .debug_frame   0x00000be8       0x88 build/default/production/_ext/1688732426/system_interrupt.o
 .debug_frame   0x00000c70       0x28 build/default/production/_ext/1688732426/system_exceptions.o
 .debug_frame   0x00000c98       0xb8 build/default/production/_ext/1688732426/system_tasks.o
 .debug_frame   0x00000d50       0x40 build/default/production/_ext/1688732426/rtos_hooks.o
 .debug_frame   0x00000d90       0x40 build/default/production/_ext/1360937237/debug.o
 .debug_frame   0x00000dd0       0x54 build/default/production/_ext/1360937237/crc.o
 .debug_frame   0x00000e24       0x40 build/default/production/_ext/1360937237/main_task.o
 .debug_frame   0x00000e64       0x28 build/default/production/_ext/1360937237/main.o
 .debug_frame   0x00000e8c       0x38 build/default/production/_ext/1360937237/ultrasonic.o
 .debug_frame   0x00000ec4       0x48 build/default/production/_ext/1360937237/reflectance.o
 .debug_frame   0x00000f0c       0x68 build/default/production/_ext/1360937237/uarttx.o
 .debug_frame   0x00000f74       0x50 build/default/production/_ext/1360937237/uartrx.o
 .debug_frame   0x00000fc4      0x2b0 build/default/production/_ext/280795049/drv_i2c.o
 .debug_frame   0x00001274      0x150 build/default/production/_ext/24337685/osal_freertos.o
 .debug_frame   0x000013c4       0xe8 build/default/production/_ext/1271179505/sys_devcon.o
 .debug_frame   0x000014ac       0x28 build/default/production/_ext/1271179505/sys_devcon_pic32mx.o
 .debug_frame   0x000014d4       0x90 build/default/production/_ext/122796885/sys_int_pic32.o
 .debug_frame   0x00001564       0x5c build/default/production/_ext/1856876499/heap_1.o
 .debug_frame   0x000015c0       0xc0 build/default/production/_ext/12131622/port.o
 .debug_frame   0x00001680       0x60 build/default/production/_ext/1128951024/list.o
 .debug_frame   0x000016e0      0x230 build/default/production/_ext/1128951024/queue.o
 .debug_frame   0x00001910      0x470 build/default/production/_ext/1128951024/tasks.o
 .debug_frame   0x00001d80      0x134 build/default/production/_ext/1128951024/timers.o
 .debug_frame   0x00001eb4      0x108 build/default/production/_ext/1128951024/event_groups.o
 .debug_frame   0x00001fbc       0x40 build/default/production/_ext/1360937237/my_timers.o
 .debug_frame   0x00001ffc       0x2c c:/program files (x86)/microchip/xc32/v1.42/bin/bin/../../lib/gcc/pic32mx/4.8.3/../../../../pic32mx/lib\libpic32.a(default-bootstrap-exception-handler.o)
 .debug_frame   0x00002028       0x20 c:/program files (x86)/microchip/xc32/v1.42/bin/bin/../../lib/gcc/pic32mx/4.8.3/../../../../pic32mx/lib\libpic32.a(default-on-reset.o)
 .debug_frame   0x00002048       0x20 c:/program files (x86)/microchip/xc32/v1.42/bin/bin/../../lib/gcc/pic32mx/4.8.3/../../../../pic32mx/lib\libpic32.a(default-on-bootstrap.o)
 .debug_frame   0x00002068       0x20 c:/program files (x86)/microchip/xc32/v1.42/bin/bin/../../lib/gcc/pic32mx/4.8.3/../../../../pic32mx/lib\libpic32.a(defaultinterrupt.o)
 .debug_frame   0x00002088       0x28 c:/program files (x86)/microchip/xc32/v1.42/bin/bin/../../lib/gcc/pic32mx/4.8.3/../../../../pic32mx/lib\libc.a(printf_cdnopuxX.eo)
 .debug_frame   0x000020b0       0x38 c:/program files (x86)/microchip/xc32/v1.42/bin/bin/../../lib/gcc/pic32mx/4.8.3/../../../../pic32mx/lib\libc.a(doprnt_cdnopuxX.eo)
 .debug_frame   0x000020e8       0x2c c:/program files (x86)/microchip/xc32/v1.42/bin/bin/../../lib/gcc/pic32mx/4.8.3/../../../../pic32mx/lib\libc.a(_fputc_simple.o)
 .debug_frame   0x00002114       0x28 c:/program files (x86)/microchip/xc32/v1.42/bin/bin/../../lib/gcc/pic32mx/4.8.3/../../../../pic32mx/lib\libc.a(_flsbuf_simple.o)
 .debug_frame   0x0000213c       0x38 c:/program files (x86)/microchip/xc32/v1.42/bin/bin/../../lib/gcc/pic32mx/4.8.3/../../../../pic32mx/lib\libpic32.a(write.o)
 .debug_frame   0x00002174       0x28 c:/program files (x86)/microchip/xc32/v1.42/bin/bin/../../lib/gcc/pic32mx/4.8.3/../../../../pic32mx/lib\libpic32.a(_mon_putc.o)
 .debug_frame   0x0000219c       0x20 c:/program files (x86)/microchip/xc32/v1.42/bin/bin/../../lib/gcc/pic32mx/4.8.3\libgcc.a(_udivdi3.o)
 .debug_frame   0x000021bc       0x20 c:/program files (x86)/microchip/xc32/v1.42/bin/bin/../../lib/gcc/pic32mx/4.8.3\libgcc.a(_umoddi3.o)

.debug_str      0x00000000      0x8e5
 *(.debug_str)
 .debug_str     0x00000000       0x80 build/default/production/_ext/1407244131/drv_tmr_static.o
 .debug_str     0x00000080        0x7 build/default/production/_ext/1407244131/drv_tmr_mapping.o
 .debug_str     0x00000087       0x23 build/default/production/_ext/327000265/drv_usart_mapping.o
 .debug_str     0x000000aa       0xe2 build/default/production/_ext/327000265/drv_usart_static.o
 .debug_str     0x0000018c       0x12 build/default/production/_ext/327000265/drv_usart_static_byte_model.o
 .debug_str     0x0000019e       0x39 build/default/production/_ext/639803181/sys_clk_static.o
 .debug_str     0x000001d7       0x55 build/default/production/_ext/822048611/sys_ports_static.o
 .debug_str     0x0000022c       0x36 build/default/production/_ext/1688732426/system_init.o
 .debug_str     0x00000262        0xd build/default/production/_ext/1688732426/system_interrupt.o
 .debug_str     0x0000026f        0x0 build/default/production/_ext/1688732426/system_exceptions.o
 .debug_str     0x0000026f        0x0 build/default/production/_ext/1688732426/system_tasks.o
 .debug_str     0x0000026f        0x9 build/default/production/_ext/1688732426/rtos_hooks.o
 .debug_str     0x00000278        0x0 build/default/production/_ext/1360937237/debug.o
 .debug_str     0x00000278        0x0 build/default/production/_ext/1360937237/crc.o
 .debug_str     0x00000278        0x0 build/default/production/_ext/1360937237/main_task.o
 .debug_str     0x00000278        0x0 build/default/production/_ext/1360937237/main.o
 .debug_str     0x00000278        0x0 build/default/production/_ext/1360937237/ultrasonic.o
 .debug_str     0x00000278        0x0 build/default/production/_ext/1360937237/reflectance.o
 .debug_str     0x00000278        0x6 build/default/production/_ext/1360937237/uarttx.o
 .debug_str     0x0000027e        0x6 build/default/production/_ext/1360937237/uartrx.o
 .debug_str     0x00000284      0x12b build/default/production/_ext/280795049/drv_i2c.o
 .debug_str     0x000003af       0x40 build/default/production/_ext/24337685/osal_freertos.o
 .debug_str     0x000003ef       0x16 build/default/production/_ext/1271179505/sys_devcon.o
 .debug_str     0x00000405        0x6 build/default/production/_ext/1271179505/sys_devcon_pic32mx.o
 .debug_str     0x0000040b       0x2d build/default/production/_ext/122796885/sys_int_pic32.o
 .debug_str     0x00000438       0x1d build/default/production/_ext/1856876499/heap_1.o
 .debug_str     0x00000455       0x37 build/default/production/_ext/12131622/port.o
 .debug_str     0x0000048c        0x0 build/default/production/_ext/1128951024/croutine.o
 .debug_str     0x0000048c       0x2b build/default/production/_ext/1128951024/list.o
 .debug_str     0x000004b7       0xf1 build/default/production/_ext/1128951024/queue.o
 .debug_str     0x000005a8      0x191 build/default/production/_ext/1128951024/tasks.o
 .debug_str     0x00000739       0xbf build/default/production/_ext/1128951024/timers.o
 .debug_str     0x000007f8       0xe6 build/default/production/_ext/1128951024/event_groups.o
 .debug_str     0x000008de        0x7 build/default/production/_ext/1360937237/my_timers.o
 .debug_str     0x000008e5        0x0 c:/program files (x86)/microchip/xc32/v1.42/bin/bin/../../lib/gcc/pic32mx/4.8.3/../../../../pic32mx/lib\libpic32.a(default-bootstrap-exception-handler.o)
 .debug_str     0x000008e5        0x0 c:/program files (x86)/microchip/xc32/v1.42/bin/bin/../../lib/gcc/pic32mx/4.8.3/../../../../pic32mx/lib\libpic32.a(default-on-reset.o)
 .debug_str     0x000008e5        0x0 c:/program files (x86)/microchip/xc32/v1.42/bin/bin/../../lib/gcc/pic32mx/4.8.3/../../../../pic32mx/lib\libpic32.a(default-on-bootstrap.o)
 .debug_str     0x000008e5        0x0 c:/program files (x86)/microchip/xc32/v1.42/bin/bin/../../lib/gcc/pic32mx/4.8.3/../../../../pic32mx/lib\libpic32.a(defaultinterrupt.o)
 .debug_str     0x000008e5        0x0 c:/program files (x86)/microchip/xc32/v1.42/bin/bin/../../lib/gcc/pic32mx/4.8.3/../../../../pic32mx/lib\libc.a(printf_cdnopuxX.eo)
 .debug_str     0x000008e5        0x0 c:/program files (x86)/microchip/xc32/v1.42/bin/bin/../../lib/gcc/pic32mx/4.8.3/../../../../pic32mx/lib\libc.a(_iob.o)
 .debug_str     0x000008e5        0x0 c:/program files (x86)/microchip/xc32/v1.42/bin/bin/../../lib/gcc/pic32mx/4.8.3/../../../../pic32mx/lib\libc.a(doprnt_cdnopuxX.eo)
 .debug_str     0x000008e5        0x0 c:/program files (x86)/microchip/xc32/v1.42/bin/bin/../../lib/gcc/pic32mx/4.8.3/../../../../pic32mx/lib\libc.a(_fputc_simple.o)
 .debug_str     0x000008e5        0x0 c:/program files (x86)/microchip/xc32/v1.42/bin/bin/../../lib/gcc/pic32mx/4.8.3/../../../../pic32mx/lib\libc.a(ctype.o)
 .debug_str     0x000008e5        0x0 c:/program files (x86)/microchip/xc32/v1.42/bin/bin/../../lib/gcc/pic32mx/4.8.3/../../../../pic32mx/lib\libc.a(_flsbuf_simple.o)
 .debug_str     0x000008e5        0x0 c:/program files (x86)/microchip/xc32/v1.42/bin/bin/../../lib/gcc/pic32mx/4.8.3/../../../../pic32mx/lib\libpic32.a(write.o)
 .debug_str     0x000008e5        0x0 c:/program files (x86)/microchip/xc32/v1.42/bin/bin/../../lib/gcc/pic32mx/4.8.3/../../../../pic32mx/lib\libpic32.a(_mon_putc.o)
 .debug_str     0x000008e5        0x0 c:/program files (x86)/microchip/xc32/v1.42/bin/bin/../../lib/gcc/pic32mx/4.8.3/../../../../pic32mx/lib\libpic32.a(xc32_uart.o)
 .debug_str     0x000008e5        0x0 c:/program files (x86)/microchip/xc32/v1.42/bin/bin/../../lib/gcc/pic32mx/4.8.3\libgcc.a(_udivdi3.o)
 .debug_str     0x000008e5        0x0 c:/program files (x86)/microchip/xc32/v1.42/bin/bin/../../lib/gcc/pic32mx/4.8.3\libgcc.a(_umoddi3.o)

.debug_loc      0x00000000    0x10511
 *(.debug_loc)
 .debug_loc     0x00000000      0xc50 build/default/production/_ext/1407244131/drv_tmr_static.o
 .debug_loc     0x00000c50      0x5cf build/default/production/_ext/1407244131/drv_tmr_mapping.o
 .debug_loc     0x0000121f      0x69f build/default/production/_ext/327000265/drv_usart_mapping.o
 .debug_loc     0x000018be      0x575 build/default/production/_ext/327000265/drv_usart_static.o
 .debug_loc     0x00001e33       0x74 build/default/production/_ext/327000265/drv_usart_static_byte_model.o
 .debug_loc     0x00001ea7       0x49 build/default/production/_ext/639803181/sys_clk_static.o
 .debug_loc     0x00001ef0      0xecf build/default/production/_ext/822048611/sys_ports_static.o
 .debug_loc     0x00002dbf       0x21 build/default/production/_ext/1688732426/system_init.o
 .debug_loc     0x00002de0       0xb4 build/default/production/_ext/1688732426/system_interrupt.o
 .debug_loc     0x00002e94       0x34 build/default/production/_ext/1688732426/rtos_hooks.o
 .debug_loc     0x00002ec8      0x380 build/default/production/_ext/1360937237/debug.o
 .debug_loc     0x00003248      0x1d9 build/default/production/_ext/1360937237/crc.o
 .debug_loc     0x00003421       0x9d build/default/production/_ext/1360937237/main_task.o
 .debug_loc     0x000034be       0x8c build/default/production/_ext/1360937237/ultrasonic.o
 .debug_loc     0x0000354a      0x400 build/default/production/_ext/1360937237/reflectance.o
 .debug_loc     0x0000394a      0x1f8 build/default/production/_ext/1360937237/uarttx.o
 .debug_loc     0x00003b42      0x188 build/default/production/_ext/1360937237/uartrx.o
 .debug_loc     0x00003cca     0x7808 build/default/production/_ext/280795049/drv_i2c.o
 .debug_loc     0x0000b4d2      0x40c build/default/production/_ext/24337685/osal_freertos.o
 .debug_loc     0x0000b8de       0xf0 build/default/production/_ext/1271179505/sys_devcon.o
 .debug_loc     0x0000b9ce       0xec build/default/production/_ext/1271179505/sys_devcon_pic32mx.o
 .debug_loc     0x0000baba       0x8d build/default/production/_ext/122796885/sys_int_pic32.o
 .debug_loc     0x0000bb47       0x49 build/default/production/_ext/1856876499/heap_1.o
 .debug_loc     0x0000bb90       0xea build/default/production/_ext/12131622/port.o
 .debug_loc     0x0000bc7a       0x31 build/default/production/_ext/1128951024/list.o
 .debug_loc     0x0000bcab      0xd43 build/default/production/_ext/1128951024/queue.o
 .debug_loc     0x0000c9ee     0x15c1 build/default/production/_ext/1128951024/tasks.o
 .debug_loc     0x0000dfaf      0x7d1 build/default/production/_ext/1128951024/timers.o
 .debug_loc     0x0000e780      0x8ea build/default/production/_ext/1128951024/event_groups.o
 .debug_loc     0x0000f06a      0xa6a c:/program files (x86)/microchip/xc32/v1.42/bin/bin/../../lib/gcc/pic32mx/4.8.3\libgcc.a(_udivdi3.o)
 .debug_loc     0x0000fad4      0xa3d c:/program files (x86)/microchip/xc32/v1.42/bin/bin/../../lib/gcc/pic32mx/4.8.3\libgcc.a(_umoddi3.o)

.debug_macinfo
 *(.debug_macinfo)

.debug_weaknames
 *(.debug_weaknames)

.debug_funcnames
 *(.debug_funcnames)

.debug_typenames
 *(.debug_typenames)

.debug_varnames
 *(.debug_varnames)

.debug_pubtypes
 *(.debug_pubtypes)

.debug_ranges   0x00000000     0x2780
 *(.debug_ranges)
 .debug_ranges  0x00000000      0x228 build/default/production/_ext/1407244131/drv_tmr_static.o
 .debug_ranges  0x00000228       0xb8 build/default/production/_ext/1407244131/drv_tmr_mapping.o
 .debug_ranges  0x000002e0       0x98 build/default/production/_ext/327000265/drv_usart_mapping.o
 .debug_ranges  0x00000378       0x98 build/default/production/_ext/327000265/drv_usart_static.o
 .debug_ranges  0x00000410       0x38 build/default/production/_ext/327000265/drv_usart_static_byte_model.o
 .debug_ranges  0x00000448       0x40 build/default/production/_ext/639803181/sys_clk_static.o
 .debug_ranges  0x00000488       0xf8 build/default/production/_ext/822048611/sys_ports_static.o
 .debug_ranges  0x00000580       0x10 build/default/production/_ext/1688732426/system_init.o
 .debug_ranges  0x00000590       0x38 build/default/production/_ext/1688732426/system_interrupt.o
 .debug_ranges  0x000005c8       0x10 build/default/production/_ext/1688732426/system_exceptions.o
 .debug_ranges  0x000005d8       0x40 build/default/production/_ext/1688732426/system_tasks.o
 .debug_ranges  0x00000618       0x70 build/default/production/_ext/1688732426/system_interrupt_a.o
 .debug_ranges  0x00000688       0x18 build/default/production/_ext/1688732426/rtos_hooks.o
 .debug_ranges  0x000006a0      0x170 build/default/production/_ext/1360937237/debug.o
 .debug_ranges  0x00000810       0x38 build/default/production/_ext/1360937237/crc.o
 .debug_ranges  0x00000848       0x18 build/default/production/_ext/1360937237/main_task.o
 .debug_ranges  0x00000860       0x10 build/default/production/_ext/1360937237/main.o
 .debug_ranges  0x00000870       0x18 build/default/production/_ext/1360937237/ultrasonic.o
 .debug_ranges  0x00000888       0x20 build/default/production/_ext/1360937237/reflectance.o
 .debug_ranges  0x000008a8       0x40 build/default/production/_ext/1360937237/uarttx.o
 .debug_ranges  0x000008e8       0x20 build/default/production/_ext/1360937237/uartrx.o
 .debug_ranges  0x00000908     0x1668 build/default/production/_ext/280795049/drv_i2c.o
 .debug_ranges  0x00001f70       0x78 build/default/production/_ext/24337685/osal_freertos.o
 .debug_ranges  0x00001fe8       0x68 build/default/production/_ext/1271179505/sys_devcon.o
 .debug_ranges  0x00002050       0x10 build/default/production/_ext/1271179505/sys_devcon_pic32mx.o
 .debug_ranges  0x00002060       0x50 build/default/production/_ext/122796885/sys_int_pic32.o
 .debug_ranges  0x000020b0       0x28 build/default/production/_ext/1856876499/heap_1.o
 .debug_ranges  0x000020d8       0x48 build/default/production/_ext/12131622/port.o
 .debug_ranges  0x00002120       0x30 build/default/production/_ext/1128951024/list.o
 .debug_ranges  0x00002150       0xa8 build/default/production/_ext/1128951024/queue.o
 .debug_ranges  0x000021f8      0x1b8 build/default/production/_ext/1128951024/tasks.o
 .debug_ranges  0x000023b0      0x108 build/default/production/_ext/1128951024/timers.o
 .debug_ranges  0x000024b8       0x98 build/default/production/_ext/1128951024/event_groups.o
 .debug_ranges  0x00002550       0x20 build/default/production/_ext/1360937237/my_timers.o
 .debug_ranges  0x00002570       0x10 c:/program files (x86)/microchip/xc32/v1.42/bin/bin/../../lib/gcc/pic32mx/4.8.3/../../../../pic32mx/lib\libpic32.a(default-bootstrap-exception-handler.o)
 .debug_ranges  0x00002580       0x10 c:/program files (x86)/microchip/xc32/v1.42/bin/bin/../../lib/gcc/pic32mx/4.8.3/../../../../pic32mx/lib\libpic32.a(default-on-reset.o)
 .debug_ranges  0x00002590       0x10 c:/program files (x86)/microchip/xc32/v1.42/bin/bin/../../lib/gcc/pic32mx/4.8.3/../../../../pic32mx/lib\libpic32.a(default-on-bootstrap.o)